******************************************************************************
                  MSP430 Linker PC v15.12.3                    
******************************************************************************
>> Linked Wed Apr 04 14:58:15 2018

OUTPUT FILE NAME:   <ADMONT 8101A Demo.out>
ENTRY POINT SYMBOL: "_c_int00_noargs_noexit"  address: 0000f4c8


MEMORY CONFIGURATION

         name            origin    length      used     unused   attr    fill
----------------------  --------  ---------  --------  --------  ----  --------
  SFR                   00000000   00000010  00000000  00000010  RWIX
  PERIPHERALS_8BIT      00000010   000000f0  00000000  000000f0  RWIX
  PERIPHERALS_16BIT     00000100   00000100  00000000  00000100  RWIX
  INFOA                 00001800   00000200  00000000  00000200  RWIX
  RAM                   00002000   00000800  000001e0  00000620  RWIX
  FRAM                  0000c400   00003b80  000033e2  0000079e  RWIX
  JTAGSIGNATURE         0000ff80   00000004  00000004  00000000  RWIX  ffff 
  BSLSIGNATURE          0000ff84   00000004  00000004  00000000  RWIX  ffff 
  INT00                 0000ff88   00000002  00000000  00000002  RWIX
  INT01                 0000ff8a   00000002  00000000  00000002  RWIX
  INT02                 0000ff8c   00000002  00000000  00000002  RWIX
  INT03                 0000ff8e   00000002  00000000  00000002  RWIX
  INT04                 0000ff90   00000002  00000000  00000002  RWIX
  INT05                 0000ff92   00000002  00000000  00000002  RWIX
  INT06                 0000ff94   00000002  00000000  00000002  RWIX
  INT07                 0000ff96   00000002  00000000  00000002  RWIX
  INT08                 0000ff98   00000002  00000000  00000002  RWIX
  INT09                 0000ff9a   00000002  00000000  00000002  RWIX
  INT10                 0000ff9c   00000002  00000000  00000002  RWIX
  INT11                 0000ff9e   00000002  00000000  00000002  RWIX
  INT12                 0000ffa0   00000002  00000000  00000002  RWIX
  INT13                 0000ffa2   00000002  00000000  00000002  RWIX
  INT14                 0000ffa4   00000002  00000000  00000002  RWIX
  INT15                 0000ffa6   00000002  00000000  00000002  RWIX
  INT16                 0000ffa8   00000002  00000000  00000002  RWIX
  INT17                 0000ffaa   00000002  00000000  00000002  RWIX
  INT18                 0000ffac   00000002  00000000  00000002  RWIX
  INT19                 0000ffae   00000002  00000000  00000002  RWIX
  INT20                 0000ffb0   00000002  00000000  00000002  RWIX
  INT21                 0000ffb2   00000002  00000000  00000002  RWIX
  INT22                 0000ffb4   00000002  00000000  00000002  RWIX
  INT23                 0000ffb6   00000002  00000000  00000002  RWIX
  INT24                 0000ffb8   00000002  00000000  00000002  RWIX
  INT25                 0000ffba   00000002  00000000  00000002  RWIX
  INT26                 0000ffbc   00000002  00000000  00000002  RWIX
  INT27                 0000ffbe   00000002  00000000  00000002  RWIX
  INT28                 0000ffc0   00000002  00000000  00000002  RWIX
  INT29                 0000ffc2   00000002  00000000  00000002  RWIX
  INT30                 0000ffc4   00000002  00000000  00000002  RWIX
  INT31                 0000ffc6   00000002  00000000  00000002  RWIX
  INT32                 0000ffc8   00000002  00000000  00000002  RWIX
  INT33                 0000ffca   00000002  00000000  00000002  RWIX
  INT34                 0000ffcc   00000002  00000000  00000002  RWIX
  INT35                 0000ffce   00000002  00000000  00000002  RWIX
  INT36                 0000ffd0   00000002  00000000  00000002  RWIX
  INT37                 0000ffd2   00000002  00000000  00000002  RWIX
  INT38                 0000ffd4   00000002  00000000  00000002  RWIX
  INT39                 0000ffd6   00000002  00000000  00000002  RWIX
  INT40                 0000ffd8   00000002  00000000  00000002  RWIX
  INT41                 0000ffda   00000002  00000000  00000002  RWIX
  INT42                 0000ffdc   00000002  00000000  00000002  RWIX
  INT43                 0000ffde   00000002  00000000  00000002  RWIX
  INT44                 0000ffe0   00000002  00000000  00000002  RWIX
  INT45                 0000ffe2   00000002  00000002  00000000  RWIX
  INT46                 0000ffe4   00000002  00000002  00000000  RWIX
  INT47                 0000ffe6   00000002  00000002  00000000  RWIX
  INT48                 0000ffe8   00000002  00000002  00000000  RWIX
  INT49                 0000ffea   00000002  00000002  00000000  RWIX
  INT50                 0000ffec   00000002  00000002  00000000  RWIX
  INT51                 0000ffee   00000002  00000002  00000000  RWIX
  INT52                 0000fff0   00000002  00000002  00000000  RWIX
  INT53                 0000fff2   00000002  00000002  00000000  RWIX
  INT54                 0000fff4   00000002  00000002  00000000  RWIX
  INT55                 0000fff6   00000002  00000002  00000000  RWIX
  INT56                 0000fff8   00000002  00000002  00000000  RWIX
  INT57                 0000fffa   00000002  00000002  00000000  RWIX
  INT58                 0000fffc   00000002  00000002  00000000  RWIX
  RESET                 0000fffe   00000002  00000002  00000000  RWIX


SECTION ALLOCATION MAP

 output                                  attributes/
section   page    origin      length       input sections
--------  ----  ----------  ----------   ----------------
.bss       0    00002000    000000d4     UNINITIALIZED
                  00002000    00000064     (.common:buf)
                  00002064    00000023     d8101a.obj (.bss)
                  00002087    00000001     (.common:newUartCommand)
                  00002088    0000001a     (.common:string)
                  000020a2    00000012     rfid_stand_alone.obj (.bss)
                  000020b4    00000010     rfid_stand_alone.obj (.bss:uidText)
                  000020c4    0000000a     rfid_stand_alone.obj (.bss:rawUID)
                  000020ce    00000004     (.common:t_fine)
                  000020d2    00000002     (.common:command)

.data      0    000020d4    0000006c     UNINITIALIZED
                  000020d4    00000033     main.obj (.data:uartBuffer)
                  00002107    00000001     spi.obj (.data)
                  00002108    00000016     main.obj (.data)
                  0000211e    0000000c     rfid_stand_alone.obj (.data)
                  0000212a    00000006     hal_LCD.obj (.data:lcdPosArray)
                  00002130    00000005     uart.obj (.data)
                  00002135    00000001     --HOLE--
                  00002136    00000004     cs.obj (.data)
                  0000213a    00000004     hostCommands.obj (.data)
                  0000213e    00000002     iso14443a.obj (.data)

.stack     0    00002760    000000a0     UNINITIALIZED
                  00002760    00000002     rts430x_sc_sd_eabi.lib : boot.obj (.stack)
                  00002762    0000009e     --HOLE--

.TI.persistent 
*          0    0000c400    00000001     
                  0000c400    00000001     main.obj (.TI.persistent)

.cinit     0    0000c402    00000042     
                  0000c402    0000002c     (.cinit..data.load) [load image, compression = rle]
                  0000c42e    00000009     (.cinit..bss.load) [load image, compression = rle]
                  0000c437    00000001     --HOLE-- [fill = 0]
                  0000c438    00000004     (__TI_handler_table)
                  0000c43c    00000008     (__TI_cinit_table)

.pinit     0    0000c444    00000000     UNINITIALIZED

.binit     0    0000c444    00000000     

.init_array 
*          0    0000c444    00000000     UNINITIALIZED

.mspabi.exidx 
*          0    0000c444    00000000     UNINITIALIZED

.mspabi.extab 
*          0    0000c444    00000000     UNINITIALIZED

.const     0    0000c444    000002d6     
                  0000c444    0000017a     hostCommands.obj (.const:.string)
                  0000c5be    00000044     iso14443a.obj (.const:.string)
                  0000c602    00000040     rfid_stand_alone.obj (.const:.string)
                  0000c642    00000034     hal_LCD.obj (.const:alphabetBig)
                  0000c676    0000002e     main.obj (.const:.string)
                  0000c6a4    0000001c     gpio.obj (.const:GPIO_PORT_TO_BASE)
                  0000c6c0    00000014     rts430x_sc_sd_eabi.lib : _printfi_min.obj (.const:.string)
                  0000c6d4    00000014     hal_LCD.obj (.const:digit)
                  0000c6e8    00000012     spi.obj (.const:$P$T0$1)
                  0000c6fa    00000010     uart.obj (.const:$P$T0$1)
                  0000c70a    0000000a     lcd_e.obj (.const:LCD_E_INIT_PARAM)
                  0000c714    00000006     main.obj (.const:$P$T0$1)

.text      0    0000c71a    000030c8     
                  0000c71a    00000338     rfid_stand_alone.obj (.text:displayTask)
                  0000ca52    00000286     rfid_stand_alone.obj (.text:demoMode)
                  0000ccd8    00000208     d8101a.obj (.text:d8101aReadBME280CompValues)
                  0000cee0    000001c6     iso14443a.obj (.text:selectTag)
                  0000d0a6    000001bc     trf7970.obj (.text:Trf7970ISR)
                  0000d262    000001a6     d8101a.obj (.text:BME280_compensate_P_int32)
                  0000d408    00000136     d8101a.obj (.text:d8101aReadBME280)
                  0000d53e    00000136     cs.obj (.text:privateCSComputeDCOFTrim)
                  0000d674    00000124     d8101a.obj (.text:bme280_compensate_H_int32)
                  0000d798    0000010e     rts430x_sc_sd_eabi.lib : _printfi_min.obj (.text:_setfield)
                  0000d8a6    00000108     main.obj (.text:Init_GPIO)
                  0000d9ae    000000ec     cs.obj (.text:CS_initFLLLoadTrim)
                  0000da9a    000000da     rts430x_sc_sd_eabi.lib : _printfi_min.obj (.text:__TI_printfi_minimal)
                  0000db74    000000ce     cs.obj (.text:CS_initFLLCalculateTrim)
                  0000dc42    000000ca     hal_LCD.obj (.text:Init_LCD)
                  0000dd0c    000000c0     rts430x_sc_sd_eabi.lib : _printfi_min.obj (.text:_pproc_diouxp)
                  0000ddcc    000000bc     iso14443a.obj (.text:Iso14443aSelectCommand)
                  0000de88    000000b0     spi.obj (.text:SpiReadSingle)
                  0000df38    000000ac     cs.obj (.text:privateCSComputeCLKFrequency)
                  0000dfe4    000000a2     cs.obj (.text:CS_initClockSignal)
                  0000e086    00000092     cs.obj (.text:CS_initFLL)
                  0000e118    00000092     trf7970.obj (.text:Trf7970WriteIsoControl)
                  0000e1aa    0000008e     eusci_a_uart.obj (.text:EUSCI_A_UART_init)
                  0000e238    0000008e     hal_LCD.obj (.text:showChar)
                  0000e2c6    0000008a     d8101a.obj (.text:BME280_compensate_T_int32)
                  0000e350    0000008a     lcd_e.obj (.text:LCD_E_setPinAsLCDFunctionEx)
                  0000e3da    00000086     cs.obj (.text:privateCSSourceClockFromDCO)
                  0000e460    00000084     lcd_e.obj (.text:LCD_E_setPinAsCOM)
                  0000e4e4    00000082     main.obj (.text:myClockSetup)
                  0000e566    0000007e     rts430x_sc_sd_eabi.lib : autoinit_wdt.obj (.text:_auto_init_hold_wdt)
                  0000e5e4    00000074     hostCommands.obj (.text:getUartCommand)
                  0000e658    00000072     d8101a.obj (.text:checkForSlaves)
                  0000e6ca    0000006e     iso14443a.obj (.text:getUIDText)
                  0000e738    0000006c     iso14443a.obj (.text:rfidWrite4)
                  0000e7a4    0000006a     iso14443a.obj (.text:ISO14443IRQWaitTimeout)
                  0000e80e    00000066     trf7970.obj (.text:initTRF7970A)
                  0000e874    00000062     spi.obj (.text:SpiReadCont)
                  0000e8d6    00000062     rts430x_sc_sd_eabi.lib : copy_decompress_rle.obj (.text:__TI_decompress_rle_core)
                  0000e938    00000062     trf7970.obj (.text:trf7970aSetRFPower)
                  0000e99a    00000060     cs.obj (.text:privateDCORange)
                  0000e9fa    0000005e     uart.obj (.text:USCI_A0_ISR)
                  0000ea58    0000005c     trf7970.obj (.text:Trf7970PortA)
                  0000eab4    0000005a     spi.obj (.text:SpiWriteSingle)
                  0000eb0e    00000058     iso14443a.obj (.text:Iso14443a_command)
                  0000eb66    00000058     uart.obj (.text:UartSetup)
                  0000ebbe    00000058     rts430x_sc_sd_eabi.lib : cpy_tbl.obj (.text:copy_in)
                  0000ec16    00000058                            : div32u.obj (.text)
                  0000ec6e    00000058     hostCommands.obj (.text:taskSetDemoPower)
                  0000ecc6    00000054     d8101a.obj (.text:d8101aI2CTransaction)
                  0000ed1a    00000054     uart.obj (.text:getByteFromBuffer)
                  0000ed6e    00000054     iso14443a.obj (.text:rfidRead16)
                  0000edc2    00000054     iso14443a.obj (.text:rfidRead4)
                  0000ee16    00000050     eusci_b_spi.obj (.text:EUSCI_B_SPI_initMaster)
                  0000ee66    0000004e     main.obj (.text:main)
                  0000eeb4    0000004c     spi.obj (.text:SpiUsciSet)
                  0000ef00    00000042     spi.obj (.text:SpiDirectCommand)
                  0000ef42    00000042     spi.obj (.text:SpiWriteCont)
                  0000ef84    00000042     hal_LCD.obj (.text:displayScreen)
                  0000efc6    00000040     rts430x_sc_sd_eabi.lib : div32s.obj (.text)
                  0000f006    0000003e                            : asr32.obj (.text:l_asr_const)
                  0000f044    0000003e                            : lsl32.obj (.text:l_lsl_const)
                  0000f082    0000003e                            : lsr32.obj (.text:l_lsr_const)
                  0000f0c0    00000038                            : sprintf.obj (.text:sprintf)
                  0000f0f8    00000034     spi.obj (.text:SpiRawWrite)
                  0000f12c    00000034     hal_LCD.obj (.text:clearLCD)
                  0000f160    00000032     cs.obj (.text:CS_initFLLSettle)
                  0000f192    0000002e     gpio.obj (.text:GPIO_setAsPeripheralModuleFunctionInputPin)
                  0000f1c0    0000002e     trf7970.obj (.text:Trf7970InitialSettings)
                  0000f1ee    0000002e     d8101a.obj (.text:getNextSlave)
                  0000f21c    0000002e     main.obj (.text:initPeripherals)
                  0000f24a    0000002e     trf7970BoosterPack.obj (.text:timerHandler)
                  0000f278    0000002c     rts430x_sc_sd_eabi.lib : div16s.obj (.text)
                  0000f2a4    0000002a     trf7970.obj (.text:TRFClearRegBits)
                  0000f2ce    0000002a     trf7970.obj (.text:TRFSetRegBits)
                  0000f2f8    0000002a     hostCommands.obj (.text:hostCommandTemplate)
                  0000f322    00000028     lcd_e.obj (.text:LCD_E_init)
                  0000f34a    00000026     gpio.obj (.text:GPIO_setAsInputPinWithPullUpResistor)
                  0000f370    00000026     rts430x_sc_sd_eabi.lib : mult32.obj (.text)
                  0000f396    00000022     spi.obj (.text:SpiSetup)
                  0000f3b8    00000022     trf7970.obj (.text:Trf7970TurnRfOff)
                  0000f3da    00000020     gpio.obj (.text:GPIO_selectInterruptEdge)
                  0000f3fa    00000020     gpio.obj (.text:GPIO_setAsInputPin)
                  0000f41a    00000020     lcd_e.obj (.text:setLCDFunction)
                  0000f43a    0000001e     cs.obj (.text:CS_clearAllOscFlagsWithTimeout)
                  0000f458    0000001e     framctl.obj (.text:FRAMCtl_write8)
                  0000f476    0000001e     trf7970BoosterPack.obj (.text:McuDelayMillisecond)
                  0000f494    0000001a     gpio.obj (.text:GPIO_setAsOutputPin)
                  0000f4ae    0000001a     trf7970.obj (.text:Trf7970ResetIrqStatus)
                  0000f4c8    0000001a     rts430x_sc_sd_eabi.lib : boot_special.obj (.text:_c_int00_noargs_noexit)
                  0000f4e2    0000001a     uart.obj (.text:checkCommandLength)
                  0000f4fc    0000001a     rts430x_sc_sd_eabi.lib : memccpy.obj (.text:memccpy)
                  0000f516    00000018     cs.obj (.text:CS_getSMCLK)
                  0000f52e    00000018     rts430x_sc_sd_eabi.lib : sprintf.obj (.text:_outs)
                  0000f546    00000018     uart.obj (.text:uartEcho)
                  0000f55e    00000016     eusci_a_uart.obj (.text:EUSCI_A_UART_enableInterrupt)
                  0000f574    00000016     gpio.obj (.text:GPIO_clearInterrupt)
                  0000f58a    00000016     gpio.obj (.text:GPIO_enableInterrupt)
                  0000f5a0    00000016     gpio.obj (.text:GPIO_setOutputLowOnPin)
                  0000f5b6    00000016     hal_LCD.obj (.text:displayPoint)
                  0000f5cc    00000016     rts430x_sc_sd_eabi.lib : div16u.obj (.text)
                  0000f5e2    00000014     eusci_a_uart.obj (.text:EUSCI_A_UART_receiveData)
                  0000f5f6    00000014     rts430x_sc_sd_eabi.lib : memset.obj (.text:memset)
                  0000f60a    00000014                            : mult16.obj (.text)
                  0000f61e    00000012     lcd_e.obj (.text:LCD_E_setVLCDSource)
                  0000f630    00000012     trf7970.obj (.text:Trf7970ReadIrqStatus)
                  0000f642    00000012     uart.obj (.text:UartSendCString)
                  0000f654    00000012     rts430x_sc_sd_eabi.lib : sprintf.obj (.text:_outc)
                  0000f666    00000012                            : copy_decompress_none.obj (.text:decompress:none:__TI_decompress_none)
                  0000f678    00000012                            : memcpy.obj (.text:memcpy)
                  0000f68a    00000010     uart.obj (.text:UartNibble2Ascii)
                  0000f69a    00000010     uart.obj (.text:UartPutCrlf)
                  0000f6aa    00000010     hal_LCD.obj (.text:displaySymbol)
                  0000f6ba    0000000e     lcd_e.obj (.text:LCD_E_selectDisplayMemory)
                  0000f6c8    0000000e     lcd_e.obj (.text:LCD_E_setChargePumpFreq)
                  0000f6d6    0000000e     lcd_e.obj (.text:LCD_E_setVLCDVoltage)
                  0000f6e4    0000000e     trf7970BoosterPack.obj (.text:McuCounterSet)
                  0000f6f2    0000000e     main.obj (.text:PORT2_ISR)
                  0000f700    0000000e     trf7970.obj (.text:Trf7970Reset)
                  0000f70e    0000000e     trf7970.obj (.text:Trf7970StopDecoders)
                  0000f71c    0000000e     uart.obj (.text:UartPutChar)
                  0000f72a    0000000e     rts430x_sc_sd_eabi.lib : strlen.obj (.text:strlen)
                  0000f738    0000000c     lcd_e.obj (.text:LCD_E_on)
                  0000f744    0000000a     eusci_b_spi.obj (.text:EUSCI_B_SPI_isBusy)
                  0000f74e    0000000a     rts430x_sc_sd_eabi.lib : lsl16.obj (.text)
                  0000f758    0000000a                            : lsr16.obj (.text)
                  0000f762    00000008     eusci_a_uart.obj (.text:EUSCI_A_UART_clearInterrupt)
                  0000f76a    00000008     eusci_b_spi.obj (.text:EUSCI_B_SPI_getInterruptStatus)
                  0000f772    00000008     eusci_b_spi.obj (.text:EUSCI_B_SPI_receiveData)
                  0000f77a    00000008     eusci_b_spi.obj (.text:EUSCI_B_SPI_transmitData)
                  0000f782    00000008     lcd_e.obj (.text:LCD_E_enableChargePump)
                  0000f78a    00000008     rts430x_sc_sd_eabi.lib : isr_trap.obj (.text:_isr:__TI_ISR_TRAP)
                  0000f792    00000006     eusci_a_uart.obj (.text:EUSCI_A_UART_disable)
                  0000f798    00000006     eusci_a_uart.obj (.text:EUSCI_A_UART_enable)
                  0000f79e    00000006     eusci_b_spi.obj (.text:EUSCI_B_SPI_enable)
                  0000f7a4    00000006     lcd_e.obj (.text:LCD_E_clearAllMemory)
                  0000f7aa    00000006     pmm.obj (.text:PMM_unlockLPM5)
                  0000f7b0    00000006     rts430x_sc_sd_eabi.lib : exit.obj (.text:abort)
                  0000f7b6    00000006                            : copy_decompress_rle.obj (.text:decompress:rle24:__TI_decompress_rle24)
                  0000f7bc    00000004     trf7970.obj (.text:Trf7970CommunicationSetup)
                  0000f7c0    00000004     trf7970.obj (.text:Trf7970DirectCommand)
                  0000f7c4    00000004     trf7970.obj (.text:Trf7970RawWrite)
                  0000f7c8    00000004     trf7970.obj (.text:Trf7970ReConfig)
                  0000f7cc    00000004     trf7970.obj (.text:Trf7970ReadCont)
                  0000f7d0    00000004     trf7970.obj (.text:Trf7970ReadSingle)
                  0000f7d4    00000004     trf7970.obj (.text:Trf7970WriteCont)
                  0000f7d8    00000004     trf7970.obj (.text:Trf7970WriteSingle)
                  0000f7dc    00000004     rts430x_sc_sd_eabi.lib : pre_init.obj (.text:_system_pre_init)
                  0000f7e0    00000002                            : startup.obj (.text:_system_post_cinit)

$fill000   0    0000ff80    00000004     
                  0000ff80    00000004     --HOLE-- [fill = ffff]

$fill001   0    0000ff84    00000004     
                  0000ff84    00000004     --HOLE-- [fill = ffff]

LCD_E      0    0000ffe2    00000002     
                  0000ffe2    00000002     rts430x_sc_sd_eabi.lib : int45.obj (.int45)

PORT2      0    0000ffe4    00000002     
                  0000ffe4    00000002     main.obj (.int46)

PORT1      0    0000ffe6    00000002     
                  0000ffe6    00000002     trf7970.obj (.int47)

ADC        0    0000ffe8    00000002     
                  0000ffe8    00000002     rts430x_sc_sd_eabi.lib : int48.obj (.int48)

USCI_B0    0    0000ffea    00000002     
                  0000ffea    00000002     rts430x_sc_sd_eabi.lib : int49.obj (.int49)

USCI_A0    0    0000ffec    00000002     
                  0000ffec    00000002     uart.obj (.int50)

WDT        0    0000ffee    00000002     
                  0000ffee    00000002     rts430x_sc_sd_eabi.lib : int51.obj (.int51)

RTC        0    0000fff0    00000002     
                  0000fff0    00000002     rts430x_sc_sd_eabi.lib : int52.obj (.int52)

TIMER1_A1 
*          0    0000fff2    00000002     
                  0000fff2    00000002     rts430x_sc_sd_eabi.lib : int53.obj (.int53)

TIMER1_A0 
*          0    0000fff4    00000002     
                  0000fff4    00000002     rts430x_sc_sd_eabi.lib : int54.obj (.int54)

TIMER0_A1 
*          0    0000fff6    00000002     
                  0000fff6    00000002     rts430x_sc_sd_eabi.lib : int55.obj (.int55)

TIMER0_A0 
*          0    0000fff8    00000002     
                  0000fff8    00000002     trf7970BoosterPack.obj (.int56)

UNMI       0    0000fffa    00000002     
                  0000fffa    00000002     rts430x_sc_sd_eabi.lib : int57.obj (.int57)

SYSNMI     0    0000fffc    00000002     
                  0000fffc    00000002     rts430x_sc_sd_eabi.lib : int58.obj (.int58)

.reset     0    0000fffe    00000002     
                  0000fffe    00000002     rts430x_sc_sd_eabi.lib : boot.obj (.reset)

MODULE SUMMARY

       Module                     code    ro data   rw data
       ------                     ----    -------   -------
    .\
       d8101a.obj                 1926    0         39     
       rfid_stand_alone.obj       1470    64        56     
       main.obj                   532     54        175    
       hostCommands.obj           246     378       30     
    +--+--------------------------+-------+---------+---------+
       Total:                     4174    496       300    
                                                           
    .\Hardware\
       trf7970.obj                1150    2         2      
       spi.obj                    658     18        1      
       hal_LCD.obj                500     72        6      
       uart.obj                   380     18        5      
       trf7970BoosterPack.obj     90      2         0      
    +--+--------------------------+-------+---------+---------+
       Total:                     2778    112       14     
                                                           
    .\NFC\
       iso14443a.obj              1222    68        2      
    +--+--------------------------+-------+---------+---------+
       Total:                     1222    68        2      
                                                           
    .\driverlib\MSP430FR2xx_4xx\
       cs.obj                     1566    0         4      
       lcd_e.obj                  428     10        0      
       gpio.obj                   240     28        0      
       eusci_a_uart.obj           204     0         0      
       eusci_b_spi.obj            120     0         0      
       framctl.obj                30      0         0      
       pmm.obj                    6       0         0      
    +--+--------------------------+-------+---------+---------+
       Total:                     2594    38        4      
                                                           
    C:\ti\ccsv6\tools\compiler\msp430_15.12.3.LTS\lib\rts430x_sc_sd_eabi.lib
       _printfi_min.obj           680     20        0      
       autoinit_wdt.obj           126     0         0      
       copy_decompress_rle.obj    104     0         0      
       sprintf.obj                98      0         0      
       cpy_tbl.obj                88      0         0      
       div32u.obj                 88      0         0      
       div32s.obj                 64      0         0      
       asr32.obj                  62      0         0      
       lsl32.obj                  62      0         0      
       lsr32.obj                  62      0         0      
       div16s.obj                 44      0         0      
       mult32.obj                 38      0         0      
       boot_special.obj           26      0         0      
       memccpy.obj                26      0         0      
       div16u.obj                 22      0         0      
       memset.obj                 20      0         0      
       mult16.obj                 20      0         0      
       copy_decompress_none.obj   18      0         0      
       memcpy.obj                 18      0         0      
       strlen.obj                 14      0         0      
       lsl16.obj                  10      0         0      
       lsr16.obj                  10      0         0      
       isr_trap.obj               8       0         0      
       exit.obj                   6       0         0      
       pre_init.obj               4       0         0      
       boot.obj                   0       2         0      
       int45.obj                  0       2         0      
       int48.obj                  0       2         0      
       int49.obj                  0       2         0      
       int51.obj                  0       2         0      
       int52.obj                  0       2         0      
       int53.obj                  0       2         0      
       int54.obj                  0       2         0      
       int55.obj                  0       2         0      
       int57.obj                  0       2         0      
       int58.obj                  0       2         0      
       startup.obj                2       0         0      
    +--+--------------------------+-------+---------+---------+
       Total:                     1720    42        0      
                                                           
       Stack:                     0       0         160    
       Linker Generated:          0       65        0      
    +--+--------------------------+-------+---------+---------+
       Grand Total:               12488   821       480    


LINKER GENERATED COPY TABLES

__TI_cinit_table @ 0000c43c records: 2, size/record: 4, table size: 8
	.data: load addr=0000c402, load size=0000002c bytes, run addr=000020d4, run size=0000006c bytes, compression=rle
	.bss: load addr=0000c42e, load size=00000009 bytes, run addr=00002000, run size=000000d4 bytes, compression=rle


LINKER GENERATED HANDLER TABLE

__TI_handler_table @ 0000c438 records: 2, size/record: 2, table size: 4
	index: 0, handler: __TI_decompress_rle24
	index: 1, handler: __TI_decompress_none


GLOBAL SYMBOLS: SORTED ALPHABETICALLY BY Name 

address   name                                      
-------   ----                                      
00000700  ADCCTL0                                   
00000701  ADCCTL0_H                                 
00000700  ADCCTL0_L                                 
00000702  ADCCTL1                                   
00000703  ADCCTL1_H                                 
00000702  ADCCTL1_L                                 
00000704  ADCCTL2                                   
00000705  ADCCTL2_H                                 
00000704  ADCCTL2_L                                 
00000708  ADCHI                                     
00000709  ADCHI_H                                   
00000708  ADCHI_L                                   
0000071a  ADCIE                                     
0000071b  ADCIE_H                                   
0000071a  ADCIE_L                                   
0000071c  ADCIFG                                    
0000071d  ADCIFG_H                                  
0000071c  ADCIFG_L                                  
0000071e  ADCIV                                     
0000071f  ADCIV_H                                   
0000071e  ADCIV_L                                   
00000706  ADCLO                                     
00000707  ADCLO_H                                   
00000706  ADCLO_L                                   
0000070a  ADCMCTL0                                  
0000070b  ADCMCTL0_H                                
0000070a  ADCMCTL0_L                                
00000712  ADCMEM0                                   
00000713  ADCMEM0_H                                 
00000712  ADCMEM0_L                                 
00000660  BAKMEM0                                   
00000661  BAKMEM0_H                                 
00000660  BAKMEM0_L                                 
00000662  BAKMEM1                                   
00000674  BAKMEM10                                  
00000675  BAKMEM10_H                                
00000674  BAKMEM10_L                                
00000676  BAKMEM11                                  
00000677  BAKMEM11_H                                
00000676  BAKMEM11_L                                
00000678  BAKMEM12                                  
00000679  BAKMEM12_H                                
00000678  BAKMEM12_L                                
0000067a  BAKMEM13                                  
0000067b  BAKMEM13_H                                
0000067a  BAKMEM13_L                                
0000067c  BAKMEM14                                  
0000067d  BAKMEM14_H                                
0000067c  BAKMEM14_L                                
0000067e  BAKMEM15                                  
0000067f  BAKMEM15_H                                
0000067e  BAKMEM15_L                                
00000663  BAKMEM1_H                                 
00000662  BAKMEM1_L                                 
00000664  BAKMEM2                                   
00000665  BAKMEM2_H                                 
00000664  BAKMEM2_L                                 
00000666  BAKMEM3                                   
00000667  BAKMEM3_H                                 
00000666  BAKMEM3_L                                 
00000668  BAKMEM4                                   
00000669  BAKMEM4_H                                 
00000668  BAKMEM4_L                                 
0000066a  BAKMEM5                                   
0000066b  BAKMEM5_H                                 
0000066a  BAKMEM5_L                                 
0000066c  BAKMEM6                                   
0000066d  BAKMEM6_H                                 
0000066c  BAKMEM6_L                                 
0000066e  BAKMEM7                                   
0000066f  BAKMEM7_H                                 
0000066e  BAKMEM7_L                                 
00000670  BAKMEM8                                   
00000671  BAKMEM8_H                                 
00000670  BAKMEM8_L                                 
00000672  BAKMEM9                                   
00000673  BAKMEM9_H                                 
00000672  BAKMEM9_L                                 
0000d262  BME280_compensate_P_int32                 
0000e2c6  BME280_compensate_T_int32                 
0000f7b0  C$$EXIT                                   
000002ee  CAPTIO0CTL                                
000002ef  CAPTIO0CTL_H                              
000002ee  CAPTIO0CTL_L                              
000001c0  CRCDI                                     
000001c2  CRCDIRB                                   
000001c3  CRCDIRB_H                                 
000001c2  CRCDIRB_L                                 
000001c1  CRCDI_H                                   
000001c0  CRCDI_L                                   
000001c4  CRCINIRES                                 
000001c5  CRCINIRES_H                               
000001c4  CRCINIRES_L                               
000001c6  CRCRESR                                   
000001c7  CRCRESR_H                                 
000001c6  CRCRESR_L                                 
00000180  CSCTL0                                    
00000181  CSCTL0_H                                  
00000180  CSCTL0_L                                  
00000182  CSCTL1                                    
00000183  CSCTL1_H                                  
00000182  CSCTL1_L                                  
00000184  CSCTL2                                    
00000185  CSCTL2_H                                  
00000184  CSCTL2_L                                  
00000186  CSCTL3                                    
00000187  CSCTL3_H                                  
00000186  CSCTL3_L                                  
00000188  CSCTL4                                    
00000189  CSCTL4_H                                  
00000188  CSCTL4_L                                  
0000018a  CSCTL5                                    
0000018b  CSCTL5_H                                  
0000018a  CSCTL5_L                                  
0000018c  CSCTL6                                    
0000018d  CSCTL6_H                                  
0000018c  CSCTL6_L                                  
0000018e  CSCTL7                                    
0000018f  CSCTL7_H                                  
0000018e  CSCTL7_L                                  
00000190  CSCTL8                                    
00000191  CSCTL8_H                                  
00000190  CSCTL8_L                                  
0000f43a  CS_clearAllOscFlagsWithTimeout            
0000f516  CS_getSMCLK                               
0000dfe4  CS_initClockSignal                        
0000e086  CS_initFLL                                
0000db74  CS_initFLLCalculateTrim                   
0000d9ae  CS_initFLLLoadTrim                        
0000f160  CS_initFLLSettle                          
0000f762  EUSCI_A_UART_clearInterrupt               
0000f792  EUSCI_A_UART_disable                      
0000f798  EUSCI_A_UART_enable                       
0000f55e  EUSCI_A_UART_enableInterrupt              
0000e1aa  EUSCI_A_UART_init                         
0000f5e2  EUSCI_A_UART_receiveData                  
0000f79e  EUSCI_B_SPI_enable                        
0000f76a  EUSCI_B_SPI_getInterruptStatus            
0000ee16  EUSCI_B_SPI_initMaster                    
0000f744  EUSCI_B_SPI_isBusy                        
0000f772  EUSCI_B_SPI_receiveData                   
0000f77a  EUSCI_B_SPI_transmitData                  
0000f458  FRAMCtl_write8                            
0000c400  FRAM_data                                 
000001a0  FRCTL0                                    
000001a1  FRCTL0_H                                  
000001a0  FRCTL0_L                                  
000001a4  GCCTL0                                    
000001a5  GCCTL0_H                                  
000001a4  GCCTL0_L                                  
000001a6  GCCTL1                                    
000001a7  GCCTL1_H                                  
000001a6  GCCTL1_L                                  
0000f574  GPIO_clearInterrupt                       
0000f58a  GPIO_enableInterrupt                      
0000f3da  GPIO_selectInterruptEdge                  
0000f3fa  GPIO_setAsInputPin                        
0000f34a  GPIO_setAsInputPinWithPullUpResistor      
0000f494  GPIO_setAsOutputPin                       
0000f192  GPIO_setAsPeripheralModuleFunctionInputPin
0000f5a0  GPIO_setOutputLowOnPin                    
0000e7a4  ISO14443IRQWaitTimeout                    
0000d8a6  Init_GPIO                                 
0000dc42  Init_LCD                                  
0000ddcc  Iso14443aSelectCommand                    
0000eb0e  Iso14443a_command                         
00000604  LCDBLKCTL                                 
00000605  LCDBLKCTL_H                               
00000604  LCDBLKCTL_L                               
00000640  LCDBM0W                                   
00000641  LCDBM0W_H                                 
00000640  LCDBM0W_L                                 
0000064a  LCDBM10W                                  
0000064b  LCDBM10W_H                                
0000064a  LCDBM10W_L                                
0000064c  LCDBM12W                                  
0000064d  LCDBM12W_H                                
0000064c  LCDBM12W_L                                
0000064e  LCDBM14W                                  
0000064f  LCDBM14W_H                                
0000064e  LCDBM14W_L                                
00000650  LCDBM16W                                  
00000651  LCDBM16W_H                                
00000650  LCDBM16W_L                                
00000652  LCDBM18W                                  
00000653  LCDBM18W_H                                
00000652  LCDBM18W_L                                
00000642  LCDBM2W                                   
00000643  LCDBM2W_H                                 
00000642  LCDBM2W_L                                 
00000644  LCDBM4W                                   
00000645  LCDBM4W_H                                 
00000644  LCDBM4W_L                                 
00000646  LCDBM6W                                   
00000647  LCDBM6W_H                                 
00000646  LCDBM6W_L                                 
00000648  LCDBM8W                                   
00000649  LCDBM8W_H                                 
00000648  LCDBM8W_L                                 
00000614  LCDCSSEL0                                 
00000615  LCDCSSEL0_H                               
00000614  LCDCSSEL0_L                               
00000616  LCDCSSEL1                                 
00000617  LCDCSSEL1_H                               
00000616  LCDCSSEL1_L                               
00000618  LCDCSSEL2                                 
00000619  LCDCSSEL2_H                               
00000618  LCDCSSEL2_L                               
00000600  LCDCTL0                                   
00000601  LCDCTL0_H                                 
00000600  LCDCTL0_L                                 
00000602  LCDCTL1                                   
00000603  LCDCTL1_H                                 
00000602  LCDCTL1_L                                 
0000061e  LCDIV                                     
00000620  LCDM0W                                    
00000621  LCDM0W_H                                  
00000620  LCDM0W_L                                  
0000062a  LCDM10W                                   
0000062b  LCDM10W_H                                 
0000062a  LCDM10W_L                                 
0000062c  LCDM12W                                   
0000062d  LCDM12W_H                                 
0000062c  LCDM12W_L                                 
0000062e  LCDM14W                                   
0000062f  LCDM14W_H                                 
0000062e  LCDM14W_L                                 
00000630  LCDM16W                                   
00000631  LCDM16W_H                                 
00000630  LCDM16W_L                                 
00000632  LCDM18W                                   
00000633  LCDM18W_H                                 
00000632  LCDM18W_L                                 
00000634  LCDM20W                                   
00000635  LCDM20W_H                                 
00000634  LCDM20W_L                                 
00000636  LCDM22W                                   
00000637  LCDM22W_H                                 
00000636  LCDM22W_L                                 
00000638  LCDM24W                                   
00000639  LCDM24W_H                                 
00000638  LCDM24W_L                                 
0000063a  LCDM26W                                   
0000063b  LCDM26W_H                                 
0000063a  LCDM26W_L                                 
0000063c  LCDM28W                                   
0000063d  LCDM28W_H                                 
0000063c  LCDM28W_L                                 
00000622  LCDM2W                                    
00000623  LCDM2W_H                                  
00000622  LCDM2W_L                                  
0000063e  LCDM30W                                   
0000063f  LCDM30W_H                                 
0000063e  LCDM30W_L                                 
00000640  LCDM32W                                   
00000641  LCDM32W_H                                 
00000640  LCDM32W_L                                 
00000642  LCDM34W                                   
00000643  LCDM34W_H                                 
00000642  LCDM34W_L                                 
00000644  LCDM36W                                   
00000645  LCDM36W_H                                 
00000644  LCDM36W_L                                 
00000646  LCDM38W                                   
00000647  LCDM38W_H                                 
00000646  LCDM38W_L                                 
00000624  LCDM4W                                    
00000625  LCDM4W_H                                  
00000624  LCDM4W_L                                  
00000626  LCDM6W                                    
00000627  LCDM6W_H                                  
00000626  LCDM6W_L                                  
00000628  LCDM8W                                    
00000629  LCDM8W_H                                  
00000628  LCDM8W_L                                  
00000606  LCDMEMCTL                                 
00000607  LCDMEMCTL_H                               
00000606  LCDMEMCTL_L                               
0000060a  LCDPCTL0                                  
0000060b  LCDPCTL0_H                                
0000060a  LCDPCTL0_L                                
0000060c  LCDPCTL1                                  
0000060d  LCDPCTL1_H                                
0000060c  LCDPCTL1_L                                
0000060e  LCDPCTL2                                  
0000060f  LCDPCTL2_H                                
0000060e  LCDPCTL2_L                                
00000608  LCDVCTL                                   
00000609  LCDVCTL_H                                 
00000608  LCDVCTL_L                                 
0000c70a  LCD_E_INIT_PARAM                          
0000f7a4  LCD_E_clearAllMemory                      
0000f782  LCD_E_enableChargePump                    
0000f322  LCD_E_init                                
0000f738  LCD_E_on                                  
0000f6ba  LCD_E_selectDisplayMemory                 
0000f6c8  LCD_E_setChargePumpFreq                   
0000e460  LCD_E_setPinAsCOM                         
0000e350  LCD_E_setPinAsLCDFunctionEx               
0000f61e  LCD_E_setVLCDSource                       
0000f6d6  LCD_E_setVLCDVoltage                      
0000f6e4  McuCounterSet                             
0000f476  McuDelayMillisecond                       
0000020e  P1IV                                      
0000021e  P2IV                                      
00000204  PADIR                                     
00000205  PADIR_H                                   
00000204  PADIR_L                                   
0000021a  PAIE                                      
00000218  PAIES                                     
00000219  PAIES_H                                   
00000218  PAIES_L                                   
0000021b  PAIE_H                                    
0000021a  PAIE_L                                    
0000021c  PAIFG                                     
0000021d  PAIFG_H                                   
0000021c  PAIFG_L                                   
00000200  PAIN                                      
00000201  PAIN_H                                    
00000200  PAIN_L                                    
00000202  PAOUT                                     
00000203  PAOUT_H                                   
00000202  PAOUT_L                                   
00000206  PAREN                                     
00000207  PAREN_H                                   
00000206  PAREN_L                                   
0000020a  PASEL0                                    
0000020b  PASEL0_H                                  
0000020a  PASEL0_L                                  
00000224  PBDIR                                     
00000225  PBDIR_H                                   
00000224  PBDIR_L                                   
00000220  PBIN                                      
00000221  PBIN_H                                    
00000220  PBIN_L                                    
00000222  PBOUT                                     
00000223  PBOUT_H                                   
00000222  PBOUT_L                                   
00000226  PBREN                                     
00000227  PBREN_H                                   
00000226  PBREN_L                                   
0000022a  PBSEL0                                    
0000022b  PBSEL0_H                                  
0000022a  PBSEL0_L                                  
00000244  PCDIR                                     
00000245  PCDIR_H                                   
00000244  PCDIR_L                                   
00000240  PCIN                                      
00000241  PCIN_H                                    
00000240  PCIN_L                                    
00000242  PCOUT                                     
00000243  PCOUT_H                                   
00000242  PCOUT_L                                   
00000246  PCREN                                     
00000247  PCREN_H                                   
00000246  PCREN_L                                   
0000024a  PCSEL0                                    
0000024b  PCSEL0_H                                  
0000024a  PCSEL0_L                                  
00000264  PDDIR                                     
00000265  PDDIR_H                                   
00000264  PDDIR_L                                   
00000260  PDIN                                      
00000261  PDIN_H                                    
00000260  PDIN_L                                    
00000262  PDOUT                                     
00000263  PDOUT_H                                   
00000262  PDOUT_L                                   
00000266  PDREN                                     
00000267  PDREN_H                                   
00000266  PDREN_L                                   
0000026a  PDSEL0                                    
0000026b  PDSEL0_H                                  
0000026a  PDSEL0_L                                  
00000130  PM5CTL0                                   
00000131  PM5CTL0_H                                 
00000130  PM5CTL0_L                                 
00000120  PMMCTL0                                   
00000121  PMMCTL0_H                                 
00000120  PMMCTL0_L                                 
00000122  PMMCTL1                                   
00000123  PMMCTL1_H                                 
00000122  PMMCTL1_L                                 
00000124  PMMCTL2                                   
00000125  PMMCTL2_H                                 
00000124  PMMCTL2_L                                 
0000012e  PMMIE                                     
0000012f  PMMIE_H                                   
0000012e  PMMIE_L                                   
0000012a  PMMIFG                                    
0000012b  PMMIFG_H                                  
0000012a  PMMIFG_L                                  
0000f7aa  PMM_unlockLPM5                            
0000f6f2  PORT2_ISR                                 
000003cc  RTCCNT                                    
000003cd  RTCCNT_H                                  
000003cc  RTCCNT_L                                  
000003c0  RTCCTL                                    
000003c1  RTCCTL_H                                  
000003c0  RTCCTL_L                                  
000003c4  RTCIV                                     
000003c5  RTCIV_H                                   
000003c4  RTCIV_L                                   
000003c8  RTCMOD                                    
000003c9  RTCMOD_H                                  
000003c8  RTCMOD_L                                  
00002112  S1buttonDebounce                          
00002114  S2buttonDebounce                          
00000100  SFRIE1                                    
00000101  SFRIE1_H                                  
00000100  SFRIE1_L                                  
00000102  SFRIFG1                                   
00000103  SFRIFG1_H                                 
00000102  SFRIFG1_L                                 
00000104  SFRRPCR                                   
00000105  SFRRPCR_H                                 
00000104  SFRRPCR_L                                 
00000158  SYSBERRIV                                 
00000159  SYSBERRIV_H                               
00000158  SYSBERRIV_L                               
00000142  SYSBSLC                                   
00000143  SYSBSLC_H                                 
00000142  SYSBSLC_L                                 
00000160  SYSCFG0                                   
00000161  SYSCFG0_H                                 
00000160  SYSCFG0_L                                 
00000162  SYSCFG1                                   
00000163  SYSCFG1_H                                 
00000162  SYSCFG1_L                                 
00000164  SYSCFG2                                   
00000165  SYSCFG2_H                                 
00000164  SYSCFG2_L                                 
00000140  SYSCTL                                    
00000141  SYSCTL_H                                  
00000140  SYSCTL_L                                  
00000146  SYSJMBC                                   
00000147  SYSJMBC_H                                 
00000146  SYSJMBC_L                                 
00000148  SYSJMBI0                                  
00000149  SYSJMBI0_H                                
00000148  SYSJMBI0_L                                
0000014a  SYSJMBI1                                  
0000014b  SYSJMBI1_H                                
0000014a  SYSJMBI1_L                                
0000014c  SYSJMBO0                                  
0000014d  SYSJMBO0_H                                
0000014c  SYSJMBO0_L                                
0000014e  SYSJMBO1                                  
0000014f  SYSJMBO1_H                                
0000014e  SYSJMBO1_L                                
0000015e  SYSRSTIV                                  
0000015f  SYSRSTIV_H                                
0000015e  SYSRSTIV_L                                
0000015c  SYSSNIV                                   
0000015d  SYSSNIV_H                                 
0000015c  SYSSNIV_L                                 
0000015a  SYSUNIV                                   
0000015b  SYSUNIV_H                                 
0000015a  SYSUNIV_L                                 
0000ef00  SpiDirectCommand                          
0000f0f8  SpiRawWrite                               
0000e874  SpiReadCont                               
0000de88  SpiReadSingle                             
0000f396  SpiSetup                                  
0000eeb4  SpiUsciSet                                
0000ef42  SpiWriteCont                              
0000eab4  SpiWriteSingle                            
00000312  TA0CCR0                                   
00000314  TA0CCR1                                   
00000316  TA0CCR2                                   
00000302  TA0CCTL0                                  
00000304  TA0CCTL1                                  
00000306  TA0CCTL2                                  
00000300  TA0CTL                                    
00000320  TA0EX0                                    
0000032e  TA0IV                                     
00000310  TA0R                                      
00000352  TA1CCR0                                   
00000354  TA1CCR1                                   
00000356  TA1CCR2                                   
00000342  TA1CCTL0                                  
00000344  TA1CCTL1                                  
00000346  TA1CCTL2                                  
00000340  TA1CTL                                    
00000360  TA1EX0                                    
0000036e  TA1IV                                     
00000350  TA1R                                      
0000f2a4  TRFClearRegBits                           
0000f2ce  TRFSetRegBits                             
0000f7bc  Trf7970CommunicationSetup                 
0000f7c0  Trf7970DirectCommand                      
0000d0a6  Trf7970ISR                                
0000f1c0  Trf7970InitialSettings                    
0000ea58  Trf7970PortA                              
0000f7c4  Trf7970RawWrite                           
0000f7c8  Trf7970ReConfig                           
0000f7cc  Trf7970ReadCont                           
0000f630  Trf7970ReadIrqStatus                      
0000f7d0  Trf7970ReadSingle                         
0000f700  Trf7970Reset                              
0000f4ae  Trf7970ResetIrqStatus                     
0000f70e  Trf7970StopDecoders                       
0000f3b8  Trf7970TurnRfOff                          
0000f7d4  Trf7970WriteCont                          
0000e118  Trf7970WriteIsoControl                    
0000f7d8  Trf7970WriteSingle                        
00000510  UCA0ABCTL                                 
00000506  UCA0BRW                                   
00000507  UCA0BRW_H                                 
00000506  UCA0BRW_L                                 
00000500  UCA0CTLW0                                 
00000501  UCA0CTLW0_H                               
00000500  UCA0CTLW0_L                               
00000502  UCA0CTLW1                                 
00000503  UCA0CTLW1_H                               
00000502  UCA0CTLW1_L                               
0000051a  UCA0IE                                    
0000051b  UCA0IE_H                                  
0000051a  UCA0IE_L                                  
0000051c  UCA0IFG                                   
0000051d  UCA0IFG_H                                 
0000051c  UCA0IFG_L                                 
00000512  UCA0IRCTL                                 
00000513  UCA0IRCTL_H                               
00000512  UCA0IRCTL_L                               
0000051e  UCA0IV                                    
00000508  UCA0MCTLW                                 
00000509  UCA0MCTLW_H                               
00000508  UCA0MCTLW_L                               
0000050c  UCA0RXBUF                                 
0000050d  UCA0RXBUF_H                               
0000050c  UCA0RXBUF_L                               
0000050a  UCA0STATW                                 
0000050e  UCA0TXBUF                                 
0000050f  UCA0TXBUF_H                               
0000050e  UCA0TXBUF_L                               
0000055e  UCB0ADDMASK                               
0000055f  UCB0ADDMASK_H                             
0000055e  UCB0ADDMASK_L                             
0000055c  UCB0ADDRX                                 
0000055d  UCB0ADDRX_H                               
0000055c  UCB0ADDRX_L                               
00000546  UCB0BRW                                   
00000547  UCB0BRW_H                                 
00000546  UCB0BRW_L                                 
00000540  UCB0CTLW0                                 
00000541  UCB0CTLW0_H                               
00000540  UCB0CTLW0_L                               
00000542  UCB0CTLW1                                 
00000543  UCB0CTLW1_H                               
00000542  UCB0CTLW1_L                               
00000554  UCB0I2COA0                                
00000555  UCB0I2COA0_H                              
00000554  UCB0I2COA0_L                              
00000556  UCB0I2COA1                                
00000557  UCB0I2COA1_H                              
00000556  UCB0I2COA1_L                              
00000558  UCB0I2COA2                                
00000559  UCB0I2COA2_H                              
00000558  UCB0I2COA2_L                              
0000055a  UCB0I2COA3                                
0000055b  UCB0I2COA3_H                              
0000055a  UCB0I2COA3_L                              
00000560  UCB0I2CSA                                 
00000561  UCB0I2CSA_H                               
00000560  UCB0I2CSA_L                               
0000056a  UCB0IE                                    
0000056b  UCB0IE_H                                  
0000056a  UCB0IE_L                                  
0000056c  UCB0IFG                                   
0000056d  UCB0IFG_H                                 
0000056c  UCB0IFG_L                                 
0000056e  UCB0IV                                    
0000054c  UCB0RXBUF                                 
0000054d  UCB0RXBUF_H                               
0000054c  UCB0RXBUF_L                               
00000548  UCB0STATW                                 
00000549  UCB0STATW_H                               
00000548  UCB0STATW_L                               
0000054a  UCB0TBCNT                                 
0000054b  UCB0TBCNT_H                               
0000054a  UCB0TBCNT_L                               
0000054e  UCB0TXBUF                                 
0000054f  UCB0TXBUF_H                               
0000054e  UCB0TXBUF_L                               
0000e9fa  USCI_A0_ISR                               
0000f68a  UartNibble2Ascii                          
0000f71c  UartPutChar                               
0000f69a  UartPutCrlf                               
0000f642  UartSendCString                           
0000eb66  UartSetup                                 
000001cc  WDTCTL                                    
000001cd  WDTCTL_H                                  
000001cc  WDTCTL_L                                  
00002800  __STACK_END                               
000000a0  __STACK_SIZE                              
UNDEFED   __TI_BINIT_Base                           
UNDEFED   __TI_BINIT_Limit                          
0000c43c  __TI_CINIT_Base                           
0000c444  __TI_CINIT_Limit                          
0000c438  __TI_Handler_Table_Base                   
0000c43c  __TI_Handler_Table_Limit                  
UNDEFED   __TI_INITARRAY_Base                       
UNDEFED   __TI_INITARRAY_Limit                      
0000f78a  __TI_ISR_TRAP                             
0000f666  __TI_decompress_none                      
0000f7b6  __TI_decompress_rle24                     
0000ffe2  __TI_int45                                
0000ffe4  __TI_int46                                
0000ffe6  __TI_int47                                
0000ffe8  __TI_int48                                
0000ffea  __TI_int49                                
0000ffec  __TI_int50                                
0000ffee  __TI_int51                                
0000fff0  __TI_int52                                
0000fff2  __TI_int53                                
0000fff4  __TI_int54                                
0000fff6  __TI_int55                                
0000fff8  __TI_int56                                
0000fffa  __TI_int57                                
0000fffc  __TI_int58                                
ffffffff  __TI_pprof_out_hndl                       
0000da9a  __TI_printfi_minimal                      
ffffffff  __TI_prof_data_size                       
ffffffff  __TI_prof_data_start                      
ffffffff  __c_args__                                
0000f278  __mspabi_divi                             
0000efc6  __mspabi_divli                            
0000f5cc  __mspabi_divu                             
0000ec16  __mspabi_divul                            
0000f60a  __mspabi_mpyi                             
0000f60a  __mspabi_mpyi_sw                          
0000f370  __mspabi_mpyl                             
0000f370  __mspabi_mpyl_sw                          
0000f278  __mspabi_remi                             
0000efc6  __mspabi_remli                            
0000f5cc  __mspabi_remu                             
0000ec16  __mspabi_remul                            
0000f74e  __mspabi_slli                             
0000f07c  __mspabi_slll_1                           
0000f058  __mspabi_slll_10                          
0000f054  __mspabi_slll_11                          
0000f050  __mspabi_slll_12                          
0000f04c  __mspabi_slll_13                          
0000f048  __mspabi_slll_14                          
0000f044  __mspabi_slll_15                          
0000f078  __mspabi_slll_2                           
0000f074  __mspabi_slll_3                           
0000f070  __mspabi_slll_4                           
0000f06c  __mspabi_slll_5                           
0000f068  __mspabi_slll_6                           
0000f064  __mspabi_slll_7                           
0000f060  __mspabi_slll_8                           
0000f05c  __mspabi_slll_9                           
0000f03e  __mspabi_sral_1                           
0000f01a  __mspabi_sral_10                          
0000f016  __mspabi_sral_11                          
0000f012  __mspabi_sral_12                          
0000f00e  __mspabi_sral_13                          
0000f00a  __mspabi_sral_14                          
0000f006  __mspabi_sral_15                          
0000f03a  __mspabi_sral_2                           
0000f036  __mspabi_sral_3                           
0000f032  __mspabi_sral_4                           
0000f02e  __mspabi_sral_5                           
0000f02a  __mspabi_sral_6                           
0000f026  __mspabi_sral_7                           
0000f022  __mspabi_sral_8                           
0000f01e  __mspabi_sral_9                           
0000f758  __mspabi_srli                             
0000f0ba  __mspabi_srll_1                           
0000f096  __mspabi_srll_10                          
0000f092  __mspabi_srll_11                          
0000f08e  __mspabi_srll_12                          
0000f08a  __mspabi_srll_13                          
0000f086  __mspabi_srll_14                          
0000f082  __mspabi_srll_15                          
0000f0b6  __mspabi_srll_2                           
0000f0b2  __mspabi_srll_3                           
0000f0ae  __mspabi_srll_4                           
0000f0aa  __mspabi_srll_5                           
0000f0a6  __mspabi_srll_6                           
0000f0a2  __mspabi_srll_7                           
0000f09e  __mspabi_srll_8                           
0000f09a  __mspabi_srll_9                           
0000e566  _auto_init_hold_wdt                       
0000f4c8  _c_int00_noargs_noexit                    
0000fffe  _reset_vector                             
00002760  _stack                                    
0000f7e0  _system_post_cinit                        
0000f7dc  _system_pre_init                          
0000f7b0  abort                                     
0000c642  alphabetBig                               
0000d674  bme280_compensate_H_int32                 
00002000  buf                                       
0000f4e2  checkCommandLength                        
0000e658  checkForSlaves                            
0000f12c  clearLCD                                  
0000213e  coll_poss                                 
000020d2  command                                   
0000ebbe  copy_in                                   
0000ecc6  d8101aI2CTransaction                      
0000d408  d8101aReadBME280                          
0000ccd8  d8101aReadBME280CompValues                
0000ca52  demoMode                                  
0000c6d4  digit                                     
0000f5b6  displayPoint                              
0000ef84  displayScreen                             
0000f6aa  displaySymbol                             
0000c71a  displayTask                               
00002108  enable                                    
0000ed1a  getByteFromBuffer                         
0000f1ee  getNextSlave                              
0000e6ca  getUIDText                                
0000e5e4  getUartCommand                            
0000211c  holdCount                                 
0000f2f8  hostCommandTemplate                       
0000210d  host_control_flag                         
00002109  i_reg                                     
0000f21c  initPeripherals                           
0000e80e  initTRF7970A                              
0000210a  irq_flag                                  
0000ee66  main                                      
0000f4fc  memccpy                                   
0000f678  memcpy                                    
0000f5f6  memset                                    
0000211a  mode                                      
0000e4e4  myClockSetup                              
00002087  newUartCommand                            
00002110  pushButton1Pressed                        
00002111  pushButton2Pressed                        
0000ed6e  rfidRead16                                
0000edc2  rfidRead4                                 
0000e738  rfidWrite4                                
00002130  rx_data                                   
00002131  rx_done                                   
0000210b  rx_error_flag                             
0000210c  rxtx_state                                
0000cee0  selectTag                                 
0000e238  showChar                                  
0000f0c0  sprintf                                   
0000210e  stand_alone_flag                          
00002116  stopWatchRunning                          
00002088  string                                    
0000f72a  strlen                                    
000020ce  t_fine                                    
0000ec6e  taskSetDemoPower                          
00002107  temp                                      
00002118  tempSensorRunning                         
0000f24a  timerHandler                              
0000e938  trf7970aSetRFPower                        
000020d4  uartBuffer                                
0000210f  uartCount                                 
0000f546  uartEcho                                  
0000213f  uid_pos                                   


GLOBAL SYMBOLS: SORTED BY Symbol Address 

address   name                                      
-------   ----                                      
000000a0  __STACK_SIZE                              
00000100  SFRIE1                                    
00000100  SFRIE1_L                                  
00000101  SFRIE1_H                                  
00000102  SFRIFG1                                   
00000102  SFRIFG1_L                                 
00000103  SFRIFG1_H                                 
00000104  SFRRPCR                                   
00000104  SFRRPCR_L                                 
00000105  SFRRPCR_H                                 
00000120  PMMCTL0                                   
00000120  PMMCTL0_L                                 
00000121  PMMCTL0_H                                 
00000122  PMMCTL1                                   
00000122  PMMCTL1_L                                 
00000123  PMMCTL1_H                                 
00000124  PMMCTL2                                   
00000124  PMMCTL2_L                                 
00000125  PMMCTL2_H                                 
0000012a  PMMIFG                                    
0000012a  PMMIFG_L                                  
0000012b  PMMIFG_H                                  
0000012e  PMMIE                                     
0000012e  PMMIE_L                                   
0000012f  PMMIE_H                                   
00000130  PM5CTL0                                   
00000130  PM5CTL0_L                                 
00000131  PM5CTL0_H                                 
00000140  SYSCTL                                    
00000140  SYSCTL_L                                  
00000141  SYSCTL_H                                  
00000142  SYSBSLC                                   
00000142  SYSBSLC_L                                 
00000143  SYSBSLC_H                                 
00000146  SYSJMBC                                   
00000146  SYSJMBC_L                                 
00000147  SYSJMBC_H                                 
00000148  SYSJMBI0                                  
00000148  SYSJMBI0_L                                
00000149  SYSJMBI0_H                                
0000014a  SYSJMBI1                                  
0000014a  SYSJMBI1_L                                
0000014b  SYSJMBI1_H                                
0000014c  SYSJMBO0                                  
0000014c  SYSJMBO0_L                                
0000014d  SYSJMBO0_H                                
0000014e  SYSJMBO1                                  
0000014e  SYSJMBO1_L                                
0000014f  SYSJMBO1_H                                
00000158  SYSBERRIV                                 
00000158  SYSBERRIV_L                               
00000159  SYSBERRIV_H                               
0000015a  SYSUNIV                                   
0000015a  SYSUNIV_L                                 
0000015b  SYSUNIV_H                                 
0000015c  SYSSNIV                                   
0000015c  SYSSNIV_L                                 
0000015d  SYSSNIV_H                                 
0000015e  SYSRSTIV                                  
0000015e  SYSRSTIV_L                                
0000015f  SYSRSTIV_H                                
00000160  SYSCFG0                                   
00000160  SYSCFG0_L                                 
00000161  SYSCFG0_H                                 
00000162  SYSCFG1                                   
00000162  SYSCFG1_L                                 
00000163  SYSCFG1_H                                 
00000164  SYSCFG2                                   
00000164  SYSCFG2_L                                 
00000165  SYSCFG2_H                                 
00000180  CSCTL0                                    
00000180  CSCTL0_L                                  
00000181  CSCTL0_H                                  
00000182  CSCTL1                                    
00000182  CSCTL1_L                                  
00000183  CSCTL1_H                                  
00000184  CSCTL2                                    
00000184  CSCTL2_L                                  
00000185  CSCTL2_H                                  
00000186  CSCTL3                                    
00000186  CSCTL3_L                                  
00000187  CSCTL3_H                                  
00000188  CSCTL4                                    
00000188  CSCTL4_L                                  
00000189  CSCTL4_H                                  
0000018a  CSCTL5                                    
0000018a  CSCTL5_L                                  
0000018b  CSCTL5_H                                  
0000018c  CSCTL6                                    
0000018c  CSCTL6_L                                  
0000018d  CSCTL6_H                                  
0000018e  CSCTL7                                    
0000018e  CSCTL7_L                                  
0000018f  CSCTL7_H                                  
00000190  CSCTL8                                    
00000190  CSCTL8_L                                  
00000191  CSCTL8_H                                  
000001a0  FRCTL0                                    
000001a0  FRCTL0_L                                  
000001a1  FRCTL0_H                                  
000001a4  GCCTL0                                    
000001a4  GCCTL0_L                                  
000001a5  GCCTL0_H                                  
000001a6  GCCTL1                                    
000001a6  GCCTL1_L                                  
000001a7  GCCTL1_H                                  
000001c0  CRCDI                                     
000001c0  CRCDI_L                                   
000001c1  CRCDI_H                                   
000001c2  CRCDIRB                                   
000001c2  CRCDIRB_L                                 
000001c3  CRCDIRB_H                                 
000001c4  CRCINIRES                                 
000001c4  CRCINIRES_L                               
000001c5  CRCINIRES_H                               
000001c6  CRCRESR                                   
000001c6  CRCRESR_L                                 
000001c7  CRCRESR_H                                 
000001cc  WDTCTL                                    
000001cc  WDTCTL_L                                  
000001cd  WDTCTL_H                                  
00000200  PAIN                                      
00000200  PAIN_L                                    
00000201  PAIN_H                                    
00000202  PAOUT                                     
00000202  PAOUT_L                                   
00000203  PAOUT_H                                   
00000204  PADIR                                     
00000204  PADIR_L                                   
00000205  PADIR_H                                   
00000206  PAREN                                     
00000206  PAREN_L                                   
00000207  PAREN_H                                   
0000020a  PASEL0                                    
0000020a  PASEL0_L                                  
0000020b  PASEL0_H                                  
0000020e  P1IV                                      
00000218  PAIES                                     
00000218  PAIES_L                                   
00000219  PAIES_H                                   
0000021a  PAIE                                      
0000021a  PAIE_L                                    
0000021b  PAIE_H                                    
0000021c  PAIFG                                     
0000021c  PAIFG_L                                   
0000021d  PAIFG_H                                   
0000021e  P2IV                                      
00000220  PBIN                                      
00000220  PBIN_L                                    
00000221  PBIN_H                                    
00000222  PBOUT                                     
00000222  PBOUT_L                                   
00000223  PBOUT_H                                   
00000224  PBDIR                                     
00000224  PBDIR_L                                   
00000225  PBDIR_H                                   
00000226  PBREN                                     
00000226  PBREN_L                                   
00000227  PBREN_H                                   
0000022a  PBSEL0                                    
0000022a  PBSEL0_L                                  
0000022b  PBSEL0_H                                  
00000240  PCIN                                      
00000240  PCIN_L                                    
00000241  PCIN_H                                    
00000242  PCOUT                                     
00000242  PCOUT_L                                   
00000243  PCOUT_H                                   
00000244  PCDIR                                     
00000244  PCDIR_L                                   
00000245  PCDIR_H                                   
00000246  PCREN                                     
00000246  PCREN_L                                   
00000247  PCREN_H                                   
0000024a  PCSEL0                                    
0000024a  PCSEL0_L                                  
0000024b  PCSEL0_H                                  
00000260  PDIN                                      
00000260  PDIN_L                                    
00000261  PDIN_H                                    
00000262  PDOUT                                     
00000262  PDOUT_L                                   
00000263  PDOUT_H                                   
00000264  PDDIR                                     
00000264  PDDIR_L                                   
00000265  PDDIR_H                                   
00000266  PDREN                                     
00000266  PDREN_L                                   
00000267  PDREN_H                                   
0000026a  PDSEL0                                    
0000026a  PDSEL0_L                                  
0000026b  PDSEL0_H                                  
000002ee  CAPTIO0CTL                                
000002ee  CAPTIO0CTL_L                              
000002ef  CAPTIO0CTL_H                              
00000300  TA0CTL                                    
00000302  TA0CCTL0                                  
00000304  TA0CCTL1                                  
00000306  TA0CCTL2                                  
00000310  TA0R                                      
00000312  TA0CCR0                                   
00000314  TA0CCR1                                   
00000316  TA0CCR2                                   
00000320  TA0EX0                                    
0000032e  TA0IV                                     
[...]
00000639  LCDM24W_H                                 
0000063a  LCDM26W                                   
0000063a  LCDM26W_L                                 
0000063b  LCDM26W_H                                 
0000063c  LCDM28W                                   
0000063c  LCDM28W_L                                 
0000063d  LCDM28W_H                                 
0000063e  LCDM30W                                   
0000063e  LCDM30W_L                                 
0000063f  LCDM30W_H                                 
00000640  LCDBM0W                                   
00000640  LCDBM0W_L                                 
00000640  LCDM32W                                   
00000640  LCDM32W_L                                 
00000641  LCDBM0W_H                                 
00000641  LCDM32W_H                                 
00000642  LCDBM2W                                   
00000642  LCDBM2W_L                                 
00000642  LCDM34W                                   
00000642  LCDM34W_L                                 
00000643  LCDBM2W_H                                 
00000643  LCDM34W_H                                 
00000644  LCDBM4W                                   
00000644  LCDBM4W_L                                 
00000644  LCDM36W                                   
00000644  LCDM36W_L                                 
00000645  LCDBM4W_H                                 
00000645  LCDM36W_H                                 
00000646  LCDBM6W                                   
00000646  LCDBM6W_L                                 
00000646  LCDM38W                                   
00000646  LCDM38W_L                                 
00000647  LCDBM6W_H                                 
00000647  LCDM38W_H                                 
00000648  LCDBM8W                                   
00000648  LCDBM8W_L                                 
00000649  LCDBM8W_H                                 
0000064a  LCDBM10W                                  
0000064a  LCDBM10W_L                                
0000064b  LCDBM10W_H                                
0000064c  LCDBM12W                                  
0000064c  LCDBM12W_L                                
0000064d  LCDBM12W_H                                
0000064e  LCDBM14W                                  
0000064e  LCDBM14W_L                                
0000064f  LCDBM14W_H                                
00000650  LCDBM16W                                  
00000650  LCDBM16W_L                                
00000651  LCDBM16W_H                                
00000652  LCDBM18W                                  
00000652  LCDBM18W_L                                
00000653  LCDBM18W_H                                
00000660  BAKMEM0                                   
00000660  BAKMEM0_L                                 
00000661  BAKMEM0_H                                 
00000662  BAKMEM1                                   
00000662  BAKMEM1_L                                 
00000663  BAKMEM1_H                                 
00000664  BAKMEM2                                   
00000664  BAKMEM2_L                                 
00000665  BAKMEM2_H                                 
00000666  BAKMEM3                                   
00000666  BAKMEM3_L                                 
00000667  BAKMEM3_H                                 
00000668  BAKMEM4                                   
00000668  BAKMEM4_L                                 
00000669  BAKMEM4_H                                 
0000066a  BAKMEM5                                   
0000066a  BAKMEM5_L                                 
0000066b  BAKMEM5_H                                 
0000066c  BAKMEM6                                   
0000066c  BAKMEM6_L                                 
0000066d  BAKMEM6_H                                 
0000066e  BAKMEM7                                   
0000066e  BAKMEM7_L                                 
0000066f  BAKMEM7_H                                 
00000670  BAKMEM8                                   
00000670  BAKMEM8_L                                 
00000671  BAKMEM8_H                                 
00000672  BAKMEM9                                   
00000672  BAKMEM9_L                                 
00000673  BAKMEM9_H                                 
00000674  BAKMEM10                                  
00000674  BAKMEM10_L                                
00000675  BAKMEM10_H                                
00000676  BAKMEM11                                  
00000676  BAKMEM11_L                                
00000677  BAKMEM11_H                                
00000678  BAKMEM12                                  
00000678  BAKMEM12_L                                
00000679  BAKMEM12_H                                
0000067a  BAKMEM13                                  
0000067a  BAKMEM13_L                                
0000067b  BAKMEM13_H                                
0000067c  BAKMEM14                                  
0000067c  BAKMEM14_L                                
0000067d  BAKMEM14_H                                
0000067e  BAKMEM15                                  
0000067e  BAKMEM15_L                                
0000067f  BAKMEM15_H                                
00000700  ADCCTL0                                   
00000700  ADCCTL0_L                                 
00000701  ADCCTL0_H                                 
00000702  ADCCTL1                                   
00000702  ADCCTL1_L                                 
00000703  ADCCTL1_H                                 
00000704  ADCCTL2                                   
00000704  ADCCTL2_L                                 
00000705  ADCCTL2_H                                 
00000706  ADCLO                                     
00000706  ADCLO_L                                   
00000707  ADCLO_H                                   
00000708  ADCHI                                     
00000708  ADCHI_L                                   
00000709  ADCHI_H                                   
0000070a  ADCMCTL0                                  
0000070a  ADCMCTL0_L                                
0000070b  ADCMCTL0_H                                
00000712  ADCMEM0                                   
00000712  ADCMEM0_L                                 
00000713  ADCMEM0_H                                 
0000071a  ADCIE                                     
0000071a  ADCIE_L                                   
0000071b  ADCIE_H                                   
0000071c  ADCIFG                                    
0000071c  ADCIFG_L                                  
0000071d  ADCIFG_H                                  
0000071e  ADCIV                                     
0000071e  ADCIV_L                                   
0000071f  ADCIV_H                                   
00002000  buf                                       
00002087  newUartCommand                            
00002088  string                                    
000020ce  t_fine                                    
000020d2  command                                   
000020d4  uartBuffer                                
00002107  temp                                      
00002108  enable                                    
00002109  i_reg                                     
0000210a  irq_flag                                  
0000210b  rx_error_flag                             
0000210c  rxtx_state                                
0000210d  host_control_flag                         
0000210e  stand_alone_flag                          
0000210f  uartCount                                 
00002110  pushButton1Pressed                        
00002111  pushButton2Pressed                        
00002112  S1buttonDebounce                          
00002114  S2buttonDebounce                          
00002116  stopWatchRunning                          
00002118  tempSensorRunning                         
0000211a  mode                                      
0000211c  holdCount                                 
00002130  rx_data                                   
00002131  rx_done                                   
0000213e  coll_poss                                 
0000213f  uid_pos                                   
00002760  _stack                                    
00002800  __STACK_END                               
0000c400  FRAM_data                                 
0000c438  __TI_Handler_Table_Base                   
0000c43c  __TI_CINIT_Base                           
0000c43c  __TI_Handler_Table_Limit                  
0000c444  __TI_CINIT_Limit                          
0000c642  alphabetBig                               
0000c6d4  digit                                     
0000c70a  LCD_E_INIT_PARAM                          
0000c71a  displayTask                               
0000ca52  demoMode                                  
0000ccd8  d8101aReadBME280CompValues                
0000cee0  selectTag                                 
0000d0a6  Trf7970ISR                                
0000d262  BME280_compensate_P_int32                 
0000d408  d8101aReadBME280                          
0000d674  bme280_compensate_H_int32                 
0000d8a6  Init_GPIO                                 
0000d9ae  CS_initFLLLoadTrim                        
0000da9a  __TI_printfi_minimal                      
0000db74  CS_initFLLCalculateTrim                   
0000dc42  Init_LCD                                  
0000ddcc  Iso14443aSelectCommand                    
0000de88  SpiReadSingle                             
0000dfe4  CS_initClockSignal                        
0000e086  CS_initFLL                                
0000e118  Trf7970WriteIsoControl                    
0000e1aa  EUSCI_A_UART_init                         
0000e238  showChar                                  
0000e2c6  BME280_compensate_T_int32                 
0000e350  LCD_E_setPinAsLCDFunctionEx               
0000e460  LCD_E_setPinAsCOM                         
0000e4e4  myClockSetup                              
0000e566  _auto_init_hold_wdt                       
0000e5e4  getUartCommand                            
0000e658  checkForSlaves                            
0000e6ca  getUIDText                                
0000e738  rfidWrite4                                
0000e7a4  ISO14443IRQWaitTimeout                    
0000e80e  initTRF7970A                              
0000e874  SpiReadCont                               
0000e938  trf7970aSetRFPower                        
0000e9fa  USCI_A0_ISR                               
0000ea58  Trf7970PortA                              
0000eab4  SpiWriteSingle                            
0000eb0e  Iso14443a_command                         
0000eb66  UartSetup                                 
0000ebbe  copy_in                                   
0000ec16  __mspabi_divul                            
0000ec16  __mspabi_remul                            
0000ec6e  taskSetDemoPower                          
0000ecc6  d8101aI2CTransaction                      
0000ed1a  getByteFromBuffer                         
0000ed6e  rfidRead16                                
0000edc2  rfidRead4                                 
0000ee16  EUSCI_B_SPI_initMaster                    
0000ee66  main                                      
0000eeb4  SpiUsciSet                                
0000ef00  SpiDirectCommand                          
0000ef42  SpiWriteCont                              
0000ef84  displayScreen                             
0000efc6  __mspabi_divli                            
0000efc6  __mspabi_remli                            
0000f006  __mspabi_sral_15                          
0000f00a  __mspabi_sral_14                          
0000f00e  __mspabi_sral_13                          
0000f012  __mspabi_sral_12                          
0000f016  __mspabi_sral_11                          
0000f01a  __mspabi_sral_10                          
0000f01e  __mspabi_sral_9                           
0000f022  __mspabi_sral_8                           
0000f026  __mspabi_sral_7                           
0000f02a  __mspabi_sral_6                           
0000f02e  __mspabi_sral_5                           
0000f032  __mspabi_sral_4                           
0000f036  __mspabi_sral_3                           
0000f03a  __mspabi_sral_2                           
0000f03e  __mspabi_sral_1                           
0000f044  __mspabi_slll_15                          
0000f048  __mspabi_slll_14                          
0000f04c  __mspabi_slll_13                          
0000f050  __mspabi_slll_12                          
0000f054  __mspabi_slll_11                          
0000f058  __mspabi_slll_10                          
0000f05c  __mspabi_slll_9                           
0000f060  __mspabi_slll_8                           
0000f064  __mspabi_slll_7                           
0000f068  __mspabi_slll_6                           
0000f06c  __mspabi_slll_5                           
0000f070  __mspabi_slll_4                           
0000f074  __mspabi_slll_3                           
0000f078  __mspabi_slll_2                           
0000f07c  __mspabi_slll_1                           
0000f082  __mspabi_srll_15                          
0000f086  __mspabi_srll_14                          
0000f08a  __mspabi_srll_13                          
0000f08e  __mspabi_srll_12                          
0000f092  __mspabi_srll_11                          
0000f096  __mspabi_srll_10                          
0000f09a  __mspabi_srll_9                           
0000f09e  __mspabi_srll_8                           
0000f0a2  __mspabi_srll_7                           
0000f0a6  __mspabi_srll_6                           
0000f0aa  __mspabi_srll_5                           
0000f0ae  __mspabi_srll_4                           
0000f0b2  __mspabi_srll_3                           
0000f0b6  __mspabi_srll_2                           
0000f0ba  __mspabi_srll_1                           
0000f0c0  sprintf                                   
0000f0f8  SpiRawWrite                               
0000f12c  clearLCD                                  
0000f160  CS_initFLLSettle                          
0000f192  GPIO_setAsPeripheralModuleFunctionInputPin
0000f1c0  Trf7970InitialSettings                    
0000f1ee  getNextSlave                              
0000f21c  initPeripherals                           
0000f24a  timerHandler                              
0000f278  __mspabi_divi                             
0000f278  __mspabi_remi                             
0000f2a4  TRFClearRegBits                           
0000f2ce  TRFSetRegBits                             
0000f2f8  hostCommandTemplate                       
0000f322  LCD_E_init                                
0000f34a  GPIO_setAsInputPinWithPullUpResistor      
0000f370  __mspabi_mpyl                             
0000f370  __mspabi_mpyl_sw                          
0000f396  SpiSetup                                  
0000f3b8  Trf7970TurnRfOff                          
0000f3da  GPIO_selectInterruptEdge                  
0000f3fa  GPIO_setAsInputPin                        
0000f43a  CS_clearAllOscFlagsWithTimeout            
0000f458  FRAMCtl_write8                            
0000f476  McuDelayMillisecond                       
0000f494  GPIO_setAsOutputPin                       
0000f4ae  Trf7970ResetIrqStatus                     
0000f4c8  _c_int00_noargs_noexit                    
0000f4e2  checkCommandLength                        
0000f4fc  memccpy                                   
0000f516  CS_getSMCLK                               
0000f546  uartEcho                                  
0000f55e  EUSCI_A_UART_enableInterrupt              
0000f574  GPIO_clearInterrupt                       
0000f58a  GPIO_enableInterrupt                      
0000f5a0  GPIO_setOutputLowOnPin                    
0000f5b6  displayPoint                              
0000f5cc  __mspabi_divu                             
0000f5cc  __mspabi_remu                             
0000f5e2  EUSCI_A_UART_receiveData                  
0000f5f6  memset                                    
0000f60a  __mspabi_mpyi                             
0000f60a  __mspabi_mpyi_sw                          
0000f61e  LCD_E_setVLCDSource                       
0000f630  Trf7970ReadIrqStatus                      
0000f642  UartSendCString                           
0000f666  __TI_decompress_none                      
0000f678  memcpy                                    
0000f68a  UartNibble2Ascii                          
0000f69a  UartPutCrlf                               
0000f6aa  displaySymbol                             
0000f6ba  LCD_E_selectDisplayMemory                 
0000f6c8  LCD_E_setChargePumpFreq                   
0000f6d6  LCD_E_setVLCDVoltage                      
0000f6e4  McuCounterSet                             
0000f6f2  PORT2_ISR                                 
0000f700  Trf7970Reset                              
0000f70e  Trf7970StopDecoders                       
0000f71c  UartPutChar                               
0000f72a  strlen                                    
0000f738  LCD_E_on                                  
0000f744  EUSCI_B_SPI_isBusy                        
0000f74e  __mspabi_slli                             
0000f758  __mspabi_srli                             
0000f762  EUSCI_A_UART_clearInterrupt               
0000f76a  EUSCI_B_SPI_getInterruptStatus            
0000f772  EUSCI_B_SPI_receiveData                   
0000f77a  EUSCI_B_SPI_transmitData                  
0000f782  LCD_E_enableChargePump                    
0000f78a  __TI_ISR_TRAP                             
0000f792  EUSCI_A_UART_disable                      
0000f798  EUSCI_A_UART_enable                       
0000f79e  EUSCI_B_SPI_enable                        
0000f7a4  LCD_E_clearAllMemory                      
0000f7aa  PMM_unlockLPM5                            
0000f7b0  C$$EXIT                                   
0000f7b0  abort                                     
0000f7b6  __TI_decompress_rle24                     
0000f7bc  Trf7970CommunicationSetup                 
0000f7c0  Trf7970DirectCommand                      
0000f7c4  Trf7970RawWrite                           
0000f7c8  Trf7970ReConfig                           
0000f7cc  Trf7970ReadCont                           
0000f7d0  Trf7970ReadSingle                         
0000f7d4  Trf7970WriteCont                          
0000f7d8  Trf7970WriteSingle                        
0000f7dc  _system_pre_init                          
0000f7e0  _system_post_cinit                        
0000ffe2  __TI_int45                                
0000ffe4  __TI_int46                                
0000ffe6  __TI_int47                                
0000ffe8  __TI_int48                                
0000ffea  __TI_int49                                
0000ffec  __TI_int50                                
0000ffee  __TI_int51                                
0000fff0  __TI_int52                                
0000fff2  __TI_int53                                
0000fff4  __TI_int54                                
0000fff6  __TI_int55                                
0000fff8  __TI_int56                                
0000fffa  __TI_int57                                
0000fffc  __TI_int58                                
0000fffe  _reset_vector                             
ffffffff  __TI_pprof_out_hndl                       
ffffffff  __TI_prof_data_size                       
ffffffff  __TI_prof_data_start                      
ffffffff  __c_args__                                
UNDEFED   __TI_BINIT_Base                           
UNDEFED   __TI_BINIT_Limit                          
UNDEFED   __TI_INITARRAY_Base                       
UNDEFED   __TI_INITARRAY_Limit                      

[755 symbols]
