<?xml version="1.0"?>
<link_info>
   <banner>MSP430 Linker PC v15.12.3.LTS</banner>
   <copyright>Copyright (c) 2003-2015 Texas Instruments Incorporated</copyright>
   <link_time>0x5ac4cbe7</link_time>
   <link_errors>0x0</link_errors>
   <output_file>ADMONT 8101A Demo.out</output_file>
   <entry_point>
      <name>_c_int00_noargs_noexit</name>
      <address>0xf4c8</address>
   </entry_point>
   <input_file_list>
      <input_file id="fl-2">
         <path>.\</path>
         <kind>object</kind>
         <file>d8101a.obj</file>
         <name>d8101a.obj</name>
      </input_file>
      <input_file id="fl-3">
         <path>.\</path>
         <kind>object</kind>
         <file>hostCommands.obj</file>
         <name>hostCommands.obj</name>
      </input_file>
      <input_file id="fl-4">
         <path>.\</path>
         <kind>object</kind>
         <file>main.obj</file>
         <name>main.obj</name>
      </input_file>
      <input_file id="fl-5">
         <path>.\</path>
         <kind>object</kind>
         <file>rfid_stand_alone.obj</file>
         <name>rfid_stand_alone.obj</name>
      </input_file>
      <input_file id="fl-6">
         <path>.\Hardware\</path>
         <kind>object</kind>
         <file>hal_LCD.obj</file>
         <name>hal_LCD.obj</name>
      </input_file>
      <input_file id="fl-7">
         <path>.\Hardware\</path>
         <kind>object</kind>
         <file>spi.obj</file>
         <name>spi.obj</name>
      </input_file>
      <input_file id="fl-8">
         <path>.\Hardware\</path>
         <kind>object</kind>
         <file>trf7970.obj</file>
         <name>trf7970.obj</name>
      </input_file>
      <input_file id="fl-9">
         <path>.\Hardware\</path>
         <kind>object</kind>
         <file>trf7970BoosterPack.obj</file>
         <name>trf7970BoosterPack.obj</name>
      </input_file>
      <input_file id="fl-a">
         <path>.\Hardware\</path>
         <kind>object</kind>
         <file>uart.obj</file>
         <name>uart.obj</name>
      </input_file>
      <input_file id="fl-b">
         <path>.\NFC\</path>
         <kind>object</kind>
         <file>iso14443a.obj</file>
         <name>iso14443a.obj</name>
      </input_file>
      <input_file id="fl-c">
         <path>.\driverlib\MSP430FR2xx_4xx\</path>
         <kind>object</kind>
         <file>adc.obj</file>
         <name>adc.obj</name>
      </input_file>
      <input_file id="fl-d">
         <path>.\driverlib\MSP430FR2xx_4xx\</path>
         <kind>object</kind>
         <file>crc.obj</file>
         <name>crc.obj</name>
      </input_file>
      <input_file id="fl-e">
         <path>.\driverlib\MSP430FR2xx_4xx\</path>
         <kind>object</kind>
         <file>cs.obj</file>
         <name>cs.obj</name>
      </input_file>
      <input_file id="fl-f">
         <path>.\driverlib\MSP430FR2xx_4xx\</path>
         <kind>object</kind>
         <file>ecomp.obj</file>
         <name>ecomp.obj</name>
      </input_file>
      <input_file id="fl-10">
         <path>.\driverlib\MSP430FR2xx_4xx\</path>
         <kind>object</kind>
         <file>eusci_a_spi.obj</file>
         <name>eusci_a_spi.obj</name>
      </input_file>
      <input_file id="fl-11">
         <path>.\driverlib\MSP430FR2xx_4xx\</path>
         <kind>object</kind>
         <file>eusci_a_uart.obj</file>
         <name>eusci_a_uart.obj</name>
      </input_file>
      <input_file id="fl-12">
         <path>.\driverlib\MSP430FR2xx_4xx\</path>
         <kind>object</kind>
         <file>eusci_b_i2c.obj</file>
         <name>eusci_b_i2c.obj</name>
      </input_file>
      <input_file id="fl-13">
         <path>.\driverlib\MSP430FR2xx_4xx\</path>
         <kind>object</kind>
         <file>eusci_b_spi.obj</file>
         <name>eusci_b_spi.obj</name>
      </input_file>
      <input_file id="fl-14">
         <path>.\driverlib\MSP430FR2xx_4xx\</path>
         <kind>object</kind>
         <file>framctl.obj</file>
         <name>framctl.obj</name>
      </input_file>
      <input_file id="fl-15">
         <path>.\driverlib\MSP430FR2xx_4xx\</path>
         <kind>object</kind>
         <file>gpio.obj</file>
         <name>gpio.obj</name>
      </input_file>
      <input_file id="fl-16">
         <path>.\driverlib\MSP430FR2xx_4xx\</path>
         <kind>object</kind>
         <file>lcd_e.obj</file>
         <name>lcd_e.obj</name>
      </input_file>
      <input_file id="fl-17">
         <path>.\driverlib\MSP430FR2xx_4xx\</path>
         <kind>object</kind>
         <file>mpy32.obj</file>
         <name>mpy32.obj</name>
      </input_file>
      <input_file id="fl-18">
         <path>.\driverlib\MSP430FR2xx_4xx\</path>
         <kind>object</kind>
         <file>pmm.obj</file>
         <name>pmm.obj</name>
      </input_file>
      <input_file id="fl-19">
         <path>.\driverlib\MSP430FR2xx_4xx\</path>
         <kind>object</kind>
         <file>rtc.obj</file>
         <name>rtc.obj</name>
      </input_file>
      <input_file id="fl-1a">
         <path>.\driverlib\MSP430FR2xx_4xx\</path>
         <kind>object</kind>
         <file>sac.obj</file>
         <name>sac.obj</name>
      </input_file>
      <input_file id="fl-1b">
         <path>.\driverlib\MSP430FR2xx_4xx\</path>
         <kind>object</kind>
         <file>sfr.obj</file>
         <name>sfr.obj</name>
      </input_file>
      <input_file id="fl-1c">
         <path>.\driverlib\MSP430FR2xx_4xx\</path>
         <kind>object</kind>
         <file>sysctl.obj</file>
         <name>sysctl.obj</name>
      </input_file>
      <input_file id="fl-1d">
         <path>.\driverlib\MSP430FR2xx_4xx\</path>
         <kind>object</kind>
         <file>tia.obj</file>
         <name>tia.obj</name>
      </input_file>
      <input_file id="fl-1e">
         <path>.\driverlib\MSP430FR2xx_4xx\</path>
         <kind>object</kind>
         <file>timer_a.obj</file>
         <name>timer_a.obj</name>
      </input_file>
      <input_file id="fl-1f">
         <path>.\driverlib\MSP430FR2xx_4xx\</path>
         <kind>object</kind>
         <file>timer_b.obj</file>
         <name>timer_b.obj</name>
      </input_file>
      <input_file id="fl-20">
         <path>.\driverlib\MSP430FR2xx_4xx\</path>
         <kind>object</kind>
         <file>tlv.obj</file>
         <name>tlv.obj</name>
      </input_file>
      <input_file id="fl-21">
         <path>.\driverlib\MSP430FR2xx_4xx\</path>
         <kind>object</kind>
         <file>wdt_a.obj</file>
         <name>wdt_a.obj</name>
      </input_file>
      <input_file id="fl-3c">
         <path>C:\ti\ccsv6\tools\compiler\msp430_15.12.3.LTS\lib\</path>
         <kind>archive</kind>
         <file>rts430x_sc_sd_eabi.lib</file>
         <name>asr32.obj</name>
      </input_file>
      <input_file id="fl-3d">
         <path>C:\ti\ccsv6\tools\compiler\msp430_15.12.3.LTS\lib\</path>
         <kind>archive</kind>
         <file>rts430x_sc_sd_eabi.lib</file>
         <name>boot.obj</name>
      </input_file>
      <input_file id="fl-3e">
         <path>C:\ti\ccsv6\tools\compiler\msp430_15.12.3.LTS\lib\</path>
         <kind>archive</kind>
         <file>rts430x_sc_sd_eabi.lib</file>
         <name>boot_special.obj</name>
      </input_file>
      <input_file id="fl-3f">
         <path>C:\ti\ccsv6\tools\compiler\msp430_15.12.3.LTS\lib\</path>
         <kind>archive</kind>
         <file>rts430x_sc_sd_eabi.lib</file>
         <name>copy_decompress_none.obj</name>
      </input_file>
      <input_file id="fl-40">
         <path>C:\ti\ccsv6\tools\compiler\msp430_15.12.3.LTS\lib\</path>
         <kind>archive</kind>
         <file>rts430x_sc_sd_eabi.lib</file>
         <name>copy_decompress_rle.obj</name>
      </input_file>
      <input_file id="fl-41">
         <path>C:\ti\ccsv6\tools\compiler\msp430_15.12.3.LTS\lib\</path>
         <kind>archive</kind>
         <file>rts430x_sc_sd_eabi.lib</file>
         <name>copy_zero_init.obj</name>
      </input_file>
      <input_file id="fl-42">
         <path>C:\ti\ccsv6\tools\compiler\msp430_15.12.3.LTS\lib\</path>
         <kind>archive</kind>
         <file>rts430x_sc_sd_eabi.lib</file>
         <name>div16s.obj</name>
      </input_file>
      <input_file id="fl-43">
         <path>C:\ti\ccsv6\tools\compiler\msp430_15.12.3.LTS\lib\</path>
         <kind>archive</kind>
         <file>rts430x_sc_sd_eabi.lib</file>
         <name>div16u.obj</name>
      </input_file>
      <input_file id="fl-44">
         <path>C:\ti\ccsv6\tools\compiler\msp430_15.12.3.LTS\lib\</path>
         <kind>archive</kind>
         <file>rts430x_sc_sd_eabi.lib</file>
         <name>div32s.obj</name>
      </input_file>
      <input_file id="fl-45">
         <path>C:\ti\ccsv6\tools\compiler\msp430_15.12.3.LTS\lib\</path>
         <kind>archive</kind>
         <file>rts430x_sc_sd_eabi.lib</file>
         <name>div32u.obj</name>
      </input_file>
      <input_file id="fl-46">
         <path>C:\ti\ccsv6\tools\compiler\msp430_15.12.3.LTS\lib\</path>
         <kind>archive</kind>
         <file>rts430x_sc_sd_eabi.lib</file>
         <name>exit.obj</name>
      </input_file>
      <input_file id="fl-47">
         <path>C:\ti\ccsv6\tools\compiler\msp430_15.12.3.LTS\lib\</path>
         <kind>archive</kind>
         <file>rts430x_sc_sd_eabi.lib</file>
         <name>exit_gvars.obj</name>
      </input_file>
      <input_file id="fl-48">
         <path>C:\ti\ccsv6\tools\compiler\msp430_15.12.3.LTS\lib\</path>
         <kind>archive</kind>
         <file>rts430x_sc_sd_eabi.lib</file>
         <name>int45.obj</name>
      </input_file>
      <input_file id="fl-49">
         <path>C:\ti\ccsv6\tools\compiler\msp430_15.12.3.LTS\lib\</path>
         <kind>archive</kind>
         <file>rts430x_sc_sd_eabi.lib</file>
         <name>int48.obj</name>
      </input_file>
      <input_file id="fl-4a">
         <path>C:\ti\ccsv6\tools\compiler\msp430_15.12.3.LTS\lib\</path>
         <kind>archive</kind>
         <file>rts430x_sc_sd_eabi.lib</file>
         <name>int49.obj</name>
      </input_file>
      <input_file id="fl-4b">
         <path>C:\ti\ccsv6\tools\compiler\msp430_15.12.3.LTS\lib\</path>
         <kind>archive</kind>
         <file>rts430x_sc_sd_eabi.lib</file>
         <name>int51.obj</name>
      </input_file>
      <input_file id="fl-4c">
         <path>C:\ti\ccsv6\tools\compiler\msp430_15.12.3.LTS\lib\</path>
         <kind>archive</kind>
         <file>rts430x_sc_sd_eabi.lib</file>
         <name>int52.obj</name>
      </input_file>
      <input_file id="fl-4d">
         <path>C:\ti\ccsv6\tools\compiler\msp430_15.12.3.LTS\lib\</path>
         <kind>archive</kind>
         <file>rts430x_sc_sd_eabi.lib</file>
         <name>int53.obj</name>
      </input_file>
      <input_file id="fl-4e">
         <path>C:\ti\ccsv6\tools\compiler\msp430_15.12.3.LTS\lib\</path>
         <kind>archive</kind>
         <file>rts430x_sc_sd_eabi.lib</file>
         <name>int54.obj</name>
      </input_file>
      <input_file id="fl-4f">
         <path>C:\ti\ccsv6\tools\compiler\msp430_15.12.3.LTS\lib\</path>
         <kind>archive</kind>
         <file>rts430x_sc_sd_eabi.lib</file>
         <name>int55.obj</name>
      </input_file>
      <input_file id="fl-50">
         <path>C:\ti\ccsv6\tools\compiler\msp430_15.12.3.LTS\lib\</path>
         <kind>archive</kind>
         <file>rts430x_sc_sd_eabi.lib</file>
         <name>int57.obj</name>
      </input_file>
      <input_file id="fl-51">
         <path>C:\ti\ccsv6\tools\compiler\msp430_15.12.3.LTS\lib\</path>
         <kind>archive</kind>
         <file>rts430x_sc_sd_eabi.lib</file>
         <name>int58.obj</name>
      </input_file>
      <input_file id="fl-52">
         <path>C:\ti\ccsv6\tools\compiler\msp430_15.12.3.LTS\lib\</path>
         <kind>archive</kind>
         <file>rts430x_sc_sd_eabi.lib</file>
         <name>isr_trap.obj</name>
      </input_file>
      <input_file id="fl-53">
         <path>C:\ti\ccsv6\tools\compiler\msp430_15.12.3.LTS\lib\</path>
         <kind>archive</kind>
         <file>rts430x_sc_sd_eabi.lib</file>
         <name>lsl16.obj</name>
      </input_file>
      <input_file id="fl-54">
         <path>C:\ti\ccsv6\tools\compiler\msp430_15.12.3.LTS\lib\</path>
         <kind>archive</kind>
         <file>rts430x_sc_sd_eabi.lib</file>
         <name>lsl32.obj</name>
      </input_file>
      <input_file id="fl-55">
         <path>C:\ti\ccsv6\tools\compiler\msp430_15.12.3.LTS\lib\</path>
         <kind>archive</kind>
         <file>rts430x_sc_sd_eabi.lib</file>
         <name>lsr16.obj</name>
      </input_file>
      <input_file id="fl-56">
         <path>C:\ti\ccsv6\tools\compiler\msp430_15.12.3.LTS\lib\</path>
         <kind>archive</kind>
         <file>rts430x_sc_sd_eabi.lib</file>
         <name>lsr32.obj</name>
      </input_file>
      <input_file id="fl-57">
         <path>C:\ti\ccsv6\tools\compiler\msp430_15.12.3.LTS\lib\</path>
         <kind>archive</kind>
         <file>rts430x_sc_sd_eabi.lib</file>
         <name>memcpy.obj</name>
      </input_file>
      <input_file id="fl-58">
         <path>C:\ti\ccsv6\tools\compiler\msp430_15.12.3.LTS\lib\</path>
         <kind>archive</kind>
         <file>rts430x_sc_sd_eabi.lib</file>
         <name>mpu_init.obj</name>
      </input_file>
      <input_file id="fl-59">
         <path>C:\ti\ccsv6\tools\compiler\msp430_15.12.3.LTS\lib\</path>
         <kind>archive</kind>
         <file>rts430x_sc_sd_eabi.lib</file>
         <name>mult16.obj</name>
      </input_file>
      <input_file id="fl-5a">
         <path>C:\ti\ccsv6\tools\compiler\msp430_15.12.3.LTS\lib\</path>
         <kind>archive</kind>
         <file>rts430x_sc_sd_eabi.lib</file>
         <name>mult32.obj</name>
      </input_file>
      <input_file id="fl-5b">
         <path>C:\ti\ccsv6\tools\compiler\msp430_15.12.3.LTS\lib\</path>
         <kind>archive</kind>
         <file>rts430x_sc_sd_eabi.lib</file>
         <name>pre_init.obj</name>
      </input_file>
      <input_file id="fl-5c">
         <path>C:\ti\ccsv6\tools\compiler\msp430_15.12.3.LTS\lib\</path>
         <kind>archive</kind>
         <file>rts430x_sc_sd_eabi.lib</file>
         <name>sprintf.obj</name>
      </input_file>
      <input_file id="fl-5d">
         <path>C:\ti\ccsv6\tools\compiler\msp430_15.12.3.LTS\lib\</path>
         <kind>archive</kind>
         <file>rts430x_sc_sd_eabi.lib</file>
         <name>strlen.obj</name>
      </input_file>
      <input_file id="fl-5e">
         <path>C:\ti\ccsv6\tools\compiler\msp430_15.12.3.LTS\lib\</path>
         <kind>archive</kind>
         <file>rts430x_sc_sd_eabi.lib</file>
         <name>_lock.obj</name>
      </input_file>
      <input_file id="fl-5f">
         <path>C:\ti\ccsv6\tools\compiler\msp430_15.12.3.LTS\lib\</path>
         <kind>archive</kind>
         <file>rts430x_sc_sd_eabi.lib</file>
         <name>_printfi_min.obj</name>
      </input_file>
      <input_file id="fl-60">
         <path>C:\ti\ccsv6\tools\compiler\msp430_15.12.3.LTS\lib\</path>
         <kind>archive</kind>
         <file>rts430x_sc_sd_eabi.lib</file>
         <name>args_main.obj</name>
      </input_file>
      <input_file id="fl-61">
         <path>C:\ti\ccsv6\tools\compiler\msp430_15.12.3.LTS\lib\</path>
         <kind>archive</kind>
         <file>rts430x_sc_sd_eabi.lib</file>
         <name>autoinit_wdt.obj</name>
      </input_file>
      <input_file id="fl-62">
         <path>C:\ti\ccsv6\tools\compiler\msp430_15.12.3.LTS\lib\</path>
         <kind>archive</kind>
         <file>rts430x_sc_sd_eabi.lib</file>
         <name>cpy_tbl.obj</name>
      </input_file>
      <input_file id="fl-63">
         <path>C:\ti\ccsv6\tools\compiler\msp430_15.12.3.LTS\lib\</path>
         <kind>archive</kind>
         <file>rts430x_sc_sd_eabi.lib</file>
         <name>lsr64.obj</name>
      </input_file>
      <input_file id="fl-64">
         <path>C:\ti\ccsv6\tools\compiler\msp430_15.12.3.LTS\lib\</path>
         <kind>archive</kind>
         <file>rts430x_sc_sd_eabi.lib</file>
         <name>memccpy.obj</name>
      </input_file>
      <input_file id="fl-65">
         <path>C:\ti\ccsv6\tools\compiler\msp430_15.12.3.LTS\lib\</path>
         <kind>archive</kind>
         <file>rts430x_sc_sd_eabi.lib</file>
         <name>memset.obj</name>
      </input_file>
      <input_file id="fl-66">
         <path>C:\ti\ccsv6\tools\compiler\msp430_15.12.3.LTS\lib\</path>
         <kind>archive</kind>
         <file>rts430x_sc_sd_eabi.lib</file>
         <name>startup.obj</name>
      </input_file>
   </input_file_list>
   <object_component_list>
      <object_component id="oc-50e">
         <name>.TI.persistent</name>
         <load_address>0xc400</load_address>
         <run_address>0xc400</run_address>
         <size>0x1</size>
         <input_file_ref idref="fl-4"/>
      </object_component>
      <object_component id="oc-8a8">
         <name>.cinit..data.load</name>
         <load_address>0xc402</load_address>
         <run_address>0xc402</run_address>
         <size>0x2c</size>
      </object_component>
      <object_component id="oc-8a7">
         <name>.cinit..bss.load</name>
         <load_address>0xc42e</load_address>
         <run_address>0xc42e</run_address>
         <size>0x9</size>
      </object_component>
      <object_component id="oc-8a5">
         <name>__TI_handler_table</name>
         <load_address>0xc438</load_address>
         <run_address>0xc438</run_address>
         <size>0x4</size>
      </object_component>
      <object_component id="oc-8a6">
         <name>__TI_cinit_table</name>
         <load_address>0xc43c</load_address>
         <run_address>0xc43c</run_address>
         <size>0x8</size>
      </object_component>
      <object_component id="oc-845">
         <name>.binit</name>
         <load_address>0xc444</load_address>
         <run_address>0xc444</run_address>
         <size>0x0</size>
      </object_component>
      <object_component id="oc-503">
         <name>.const:.string</name>
         <load_address>0xc444</load_address>
         <run_address>0xc444</run_address>
         <size>0x17a</size>
         <input_file_ref idref="fl-3"/>
      </object_component>
      <object_component id="oc-6d8">
         <name>.const:.string</name>
         <load_address>0xc5be</load_address>
         <run_address>0xc5be</run_address>
         <size>0x44</size>
         <input_file_ref idref="fl-b"/>
      </object_component>
      <object_component id="oc-575">
         <name>.const:.string</name>
         <load_address>0xc602</load_address>
         <run_address>0xc602</run_address>
         <size>0x40</size>
         <input_file_ref idref="fl-5"/>
      </object_component>
      <object_component id="oc-7da">
         <name>.const:alphabetBig</name>
         <load_address>0xc642</load_address>
         <run_address>0xc642</run_address>
         <size>0x34</size>
         <input_file_ref idref="fl-6"/>
      </object_component>
      <object_component id="oc-3bb">
         <name>.const:.string</name>
         <load_address>0xc676</load_address>
         <run_address>0xc676</run_address>
         <size>0x2e</size>
         <input_file_ref idref="fl-4"/>
      </object_component>
      <object_component id="oc-633">
         <name>.const:GPIO_PORT_TO_BASE</name>
         <load_address>0xc6a4</load_address>
         <run_address>0xc6a4</run_address>
         <size>0x1c</size>
         <input_file_ref idref="fl-15"/>
      </object_component>
      <object_component id="oc-804">
         <name>.const:.string</name>
         <load_address>0xc6c0</load_address>
         <run_address>0xc6c0</run_address>
         <size>0x14</size>
         <input_file_ref idref="fl-5f"/>
      </object_component>
      <object_component id="oc-7e2">
         <name>.const:digit</name>
         <load_address>0xc6d4</load_address>
         <run_address>0xc6d4</run_address>
         <size>0x14</size>
         <input_file_ref idref="fl-6"/>
      </object_component>
      <object_component id="oc-774">
         <name>.const:$P$T0$1</name>
         <load_address>0xc6e8</load_address>
         <run_address>0xc6e8</run_address>
         <size>0x12</size>
         <input_file_ref idref="fl-7"/>
      </object_component>
      <object_component id="oc-638">
         <name>.const:$P$T0$1</name>
         <load_address>0xc6fa</load_address>
         <run_address>0xc6fa</run_address>
         <size>0x10</size>
         <input_file_ref idref="fl-a"/>
      </object_component>
      <object_component id="oc-4b5">
         <name>.const:LCD_E_INIT_PARAM</name>
         <load_address>0xc70a</load_address>
         <run_address>0xc70a</run_address>
         <size>0xa</size>
         <input_file_ref idref="fl-16"/>
      </object_component>
      <object_component id="oc-5f8">
         <name>.const:$P$T0$1</name>
         <load_address>0xc714</load_address>
         <run_address>0xc714</run_address>
         <size>0x6</size>
         <input_file_ref idref="fl-4"/>
      </object_component>
      <object_component id="oc-3e6">
         <name>.text:displayTask</name>
         <load_address>0xc71a</load_address>
         <run_address>0xc71a</run_address>
         <size>0x338</size>
         <input_file_ref idref="fl-5"/>
      </object_component>
      <object_component id="oc-3e0">
         <name>.text:demoMode</name>
         <load_address>0xca52</load_address>
         <run_address>0xca52</run_address>
         <size>0x286</size>
         <input_file_ref idref="fl-5"/>
      </object_component>
      <object_component id="oc-546">
         <name>.text:d8101aReadBME280CompValues</name>
         <load_address>0xccd8</load_address>
         <run_address>0xccd8</run_address>
         <size>0x208</size>
         <input_file_ref idref="fl-2"/>
      </object_component>
      <object_component id="oc-531">
         <name>.text:selectTag</name>
         <load_address>0xcee0</load_address>
         <run_address>0xcee0</run_address>
         <size>0x1c6</size>
         <input_file_ref idref="fl-b"/>
      </object_component>
      <object_component id="oc-35a">
         <name>.text:Trf7970ISR</name>
         <load_address>0xd0a6</load_address>
         <run_address>0xd0a6</run_address>
         <size>0x1bc</size>
         <input_file_ref idref="fl-8"/>
      </object_component>
      <object_component id="oc-6ff">
         <name>.text:BME280_compensate_P_int32</name>
         <load_address>0xd262</load_address>
         <run_address>0xd262</run_address>
         <size>0x1a6</size>
         <input_file_ref idref="fl-2"/>
      </object_component>
      <object_component id="oc-540">
         <name>.text:d8101aReadBME280</name>
         <load_address>0xd408</load_address>
         <run_address>0xd408</run_address>
         <size>0x136</size>
         <input_file_ref idref="fl-2"/>
      </object_component>
      <object_component id="oc-74c">
         <name>.text:privateCSComputeDCOFTrim</name>
         <load_address>0xd53e</load_address>
         <run_address>0xd53e</run_address>
         <size>0x136</size>
         <input_file_ref idref="fl-e"/>
      </object_component>
      <object_component id="oc-705">
         <name>.text:bme280_compensate_H_int32</name>
         <load_address>0xd674</load_address>
         <run_address>0xd674</run_address>
         <size>0x124</size>
         <input_file_ref idref="fl-2"/>
      </object_component>
      <object_component id="oc-79e">
         <name>.text:_setfield</name>
         <load_address>0xd798</load_address>
         <run_address>0xd798</run_address>
         <size>0x10e</size>
         <input_file_ref idref="fl-5f"/>
      </object_component>
      <object_component id="oc-468">
         <name>.text:Init_GPIO</name>
         <load_address>0xd8a6</load_address>
         <run_address>0xd8a6</run_address>
         <size>0x108</size>
         <input_file_ref idref="fl-4"/>
      </object_component>
      <object_component id="oc-60d">
         <name>.text:CS_initFLLLoadTrim</name>
         <load_address>0xd9ae</load_address>
         <run_address>0xd9ae</run_address>
         <size>0xec</size>
         <input_file_ref idref="fl-e"/>
      </object_component>
      <object_component id="oc-6aa">
         <name>.text:__TI_printfi_minimal</name>
         <load_address>0xda9a</load_address>
         <run_address>0xda9a</run_address>
         <size>0xda</size>
         <input_file_ref idref="fl-5f"/>
      </object_component>
      <object_component id="oc-5fb">
         <name>.text:CS_initFLLCalculateTrim</name>
         <load_address>0xdb74</load_address>
         <run_address>0xdb74</run_address>
         <size>0xce</size>
         <input_file_ref idref="fl-e"/>
      </object_component>
      <object_component id="oc-3c8">
         <name>.text:Init_LCD</name>
         <load_address>0xdc42</load_address>
         <run_address>0xdc42</run_address>
         <size>0xca</size>
         <input_file_ref idref="fl-6"/>
      </object_component>
      <object_component id="oc-805">
         <name>.text:_pproc_diouxp</name>
         <load_address>0xdd0c</load_address>
         <run_address>0xdd0c</run_address>
         <size>0xc0</size>
         <input_file_ref idref="fl-5f"/>
      </object_component>
      <object_component id="oc-6d9">
         <name>.text:Iso14443aSelectCommand</name>
         <load_address>0xddcc</load_address>
         <run_address>0xddcc</run_address>
         <size>0xbc</size>
         <input_file_ref idref="fl-b"/>
      </object_component>
      <object_component id="oc-3f2">
         <name>.text:SpiReadSingle</name>
         <load_address>0xde88</load_address>
         <run_address>0xde88</run_address>
         <size>0xb0</size>
         <input_file_ref idref="fl-7"/>
      </object_component>
      <object_component id="oc-7f2">
         <name>.text:privateCSComputeCLKFrequency</name>
         <load_address>0xdf38</load_address>
         <run_address>0xdf38</run_address>
         <size>0xac</size>
         <input_file_ref idref="fl-e"/>
      </object_component>
      <object_component id="oc-5f2">
         <name>.text:CS_initClockSignal</name>
         <load_address>0xdfe4</load_address>
         <run_address>0xdfe4</run_address>
         <size>0xa2</size>
         <input_file_ref idref="fl-e"/>
      </object_component>
      <object_component id="oc-755">
         <name>.text:CS_initFLL</name>
         <load_address>0xe086</load_address>
         <run_address>0xe086</run_address>
         <size>0x92</size>
         <input_file_ref idref="fl-e"/>
      </object_component>
      <object_component id="oc-499">
         <name>.text:Trf7970WriteIsoControl</name>
         <load_address>0xe118</load_address>
         <run_address>0xe118</run_address>
         <size>0x92</size>
         <input_file_ref idref="fl-8"/>
      </object_component>
      <object_component id="oc-641">
         <name>.text:EUSCI_A_UART_init</name>
         <load_address>0xe1aa</load_address>
         <run_address>0xe1aa</run_address>
         <size>0x8e</size>
         <input_file_ref idref="fl-11"/>
      </object_component>
      <object_component id="oc-723">
         <name>.text:showChar</name>
         <load_address>0xe238</load_address>
         <run_address>0xe238</run_address>
         <size>0x8e</size>
         <input_file_ref idref="fl-6"/>
      </object_component>
      <object_component id="oc-6f9">
         <name>.text:BME280_compensate_T_int32</name>
         <load_address>0xe2c6</load_address>
         <run_address>0xe2c6</run_address>
         <size>0x8a</size>
         <input_file_ref idref="fl-2"/>
      </object_component>
      <object_component id="oc-4af">
         <name>.text:LCD_E_setPinAsLCDFunctionEx</name>
         <load_address>0xe350</load_address>
         <run_address>0xe350</run_address>
         <size>0x8a</size>
         <input_file_ref idref="fl-16"/>
      </object_component>
      <object_component id="oc-829">
         <name>.text:privateCSSourceClockFromDCO</name>
         <load_address>0xe3da</load_address>
         <run_address>0xe3da</run_address>
         <size>0x86</size>
         <input_file_ref idref="fl-e"/>
      </object_component>
      <object_component id="oc-4dc">
         <name>.text:LCD_E_setPinAsCOM</name>
         <load_address>0xe460</load_address>
         <run_address>0xe460</run_address>
         <size>0x84</size>
         <input_file_ref idref="fl-16"/>
      </object_component>
      <object_component id="oc-462">
         <name>.text:myClockSetup</name>
         <load_address>0xe4e4</load_address>
         <run_address>0xe4e4</run_address>
         <size>0x82</size>
         <input_file_ref idref="fl-4"/>
      </object_component>
      <object_component id="oc-303">
         <name>.text:_auto_init_hold_wdt</name>
         <load_address>0xe566</load_address>
         <run_address>0xe566</run_address>
         <size>0x7e</size>
         <input_file_ref idref="fl-61"/>
      </object_component>
      <object_component id="oc-3ce">
         <name>.text:getUartCommand</name>
         <load_address>0xe5e4</load_address>
         <run_address>0xe5e4</run_address>
         <size>0x74</size>
         <input_file_ref idref="fl-3"/>
      </object_component>
      <object_component id="oc-552">
         <name>.text:checkForSlaves</name>
         <load_address>0xe658</load_address>
         <run_address>0xe658</run_address>
         <size>0x72</size>
         <input_file_ref idref="fl-2"/>
      </object_component>
      <object_component id="oc-567">
         <name>.text:getUIDText</name>
         <load_address>0xe6ca</load_address>
         <run_address>0xe6ca</run_address>
         <size>0x6e</size>
         <input_file_ref idref="fl-b"/>
      </object_component>
      <object_component id="oc-558">
         <name>.text:rfidWrite4</name>
         <load_address>0xe738</load_address>
         <run_address>0xe738</run_address>
         <size>0x6c</size>
         <input_file_ref idref="fl-b"/>
      </object_component>
      <object_component id="oc-6cd">
         <name>.text:ISO14443IRQWaitTimeout</name>
         <load_address>0xe7a4</load_address>
         <run_address>0xe7a4</run_address>
         <size>0x6a</size>
         <input_file_ref idref="fl-b"/>
      </object_component>
      <object_component id="oc-3b5">
         <name>.text:initTRF7970A</name>
         <load_address>0xe80e</load_address>
         <run_address>0xe80e</run_address>
         <size>0x66</size>
         <input_file_ref idref="fl-8"/>
      </object_component>
      <object_component id="oc-5bf">
         <name>.text:SpiReadCont</name>
         <load_address>0xe874</load_address>
         <run_address>0xe874</run_address>
         <size>0x62</size>
         <input_file_ref idref="fl-7"/>
      </object_component>
      <object_component id="oc-2cc">
         <name>.text:__TI_decompress_rle_core</name>
         <load_address>0xe8d6</load_address>
         <run_address>0xe8d6</run_address>
         <size>0x62</size>
         <input_file_ref idref="fl-40"/>
      </object_component>
      <object_component id="oc-55e">
         <name>.text:trf7970aSetRFPower</name>
         <load_address>0xe938</load_address>
         <run_address>0xe938</run_address>
         <size>0x62</size>
         <input_file_ref idref="fl-8"/>
      </object_component>
      <object_component id="oc-823">
         <name>.text:privateDCORange</name>
         <load_address>0xe99a</load_address>
         <run_address>0xe99a</run_address>
         <size>0x60</size>
         <input_file_ref idref="fl-e"/>
      </object_component>
      <object_component id="oc-2ea">
         <name>.text:USCI_A0_ISR</name>
         <load_address>0xe9fa</load_address>
         <run_address>0xe9fa</run_address>
         <size>0x5e</size>
         <input_file_ref idref="fl-a"/>
      </object_component>
      <object_component id="oc-2e4">
         <name>.text:Trf7970PortA</name>
         <load_address>0xea58</load_address>
         <run_address>0xea58</run_address>
         <size>0x5c</size>
         <input_file_ref idref="fl-8"/>
      </object_component>
      <object_component id="oc-76d">
         <name>.text:SpiWriteSingle</name>
         <load_address>0xeab4</load_address>
         <run_address>0xeab4</run_address>
         <size>0x5a</size>
         <input_file_ref idref="fl-7"/>
      </object_component>
      <object_component id="oc-6e5">
         <name>.text:Iso14443a_command</name>
         <load_address>0xeb0e</load_address>
         <run_address>0xeb0e</run_address>
         <size>0x58</size>
         <input_file_ref idref="fl-b"/>
      </object_component>
      <object_component id="oc-474">
         <name>.text:UartSetup</name>
         <load_address>0xeb66</load_address>
         <run_address>0xeb66</run_address>
         <size>0x58</size>
         <input_file_ref idref="fl-a"/>
      </object_component>
      <object_component id="oc-388">
         <name>.text:copy_in</name>
         <load_address>0xebbe</load_address>
         <run_address>0xebbe</run_address>
         <size>0x58</size>
         <input_file_ref idref="fl-62"/>
      </object_component>
      <object_component id="oc-58c">
         <name>.text</name>
         <load_address>0xec16</load_address>
         <run_address>0xec16</run_address>
         <size>0x58</size>
         <input_file_ref idref="fl-45"/>
      </object_component>
      <object_component id="oc-3d4">
         <name>.text:taskSetDemoPower</name>
         <load_address>0xec6e</load_address>
         <run_address>0xec6e</run_address>
         <size>0x58</size>
         <input_file_ref idref="fl-3"/>
      </object_component>
      <object_component id="oc-522">
         <name>.text:d8101aI2CTransaction</name>
         <load_address>0xecc6</load_address>
         <run_address>0xecc6</run_address>
         <size>0x54</size>
         <input_file_ref idref="fl-2"/>
      </object_component>
      <object_component id="oc-4fd">
         <name>.text:getByteFromBuffer</name>
         <load_address>0xed1a</load_address>
         <run_address>0xed1a</run_address>
         <size>0x54</size>
         <input_file_ref idref="fl-a"/>
      </object_component>
      <object_component id="oc-54c">
         <name>.text:rfidRead16</name>
         <load_address>0xed6e</load_address>
         <run_address>0xed6e</run_address>
         <size>0x54</size>
         <input_file_ref idref="fl-b"/>
      </object_component>
      <object_component id="oc-528">
         <name>.text:rfidRead4</name>
         <load_address>0xedc2</load_address>
         <run_address>0xedc2</run_address>
         <size>0x54</size>
         <input_file_ref idref="fl-b"/>
      </object_component>
      <object_component id="oc-77d">
         <name>.text:EUSCI_B_SPI_initMaster</name>
         <load_address>0xee16</load_address>
         <run_address>0xee16</run_address>
         <size>0x50</size>
         <input_file_ref idref="fl-13"/>
      </object_component>
      <object_component id="oc-31d">
         <name>.text:main</name>
         <load_address>0xee66</load_address>
         <run_address>0xee66</run_address>
         <size>0x4e</size>
         <input_file_ref idref="fl-4"/>
      </object_component>
      <object_component id="oc-664">
         <name>.text:SpiUsciSet</name>
         <load_address>0xeeb4</load_address>
         <run_address>0xeeb4</run_address>
         <size>0x4c</size>
         <input_file_ref idref="fl-7"/>
      </object_component>
      <object_component id="oc-740">
         <name>.text:SpiDirectCommand</name>
         <load_address>0xef00</load_address>
         <run_address>0xef00</run_address>
         <size>0x42</size>
         <input_file_ref idref="fl-7"/>
      </object_component>
      <object_component id="oc-78a">
         <name>.text:SpiWriteCont</name>
         <load_address>0xef42</load_address>
         <run_address>0xef42</run_address>
         <size>0x42</size>
         <input_file_ref idref="fl-7"/>
      </object_component>
      <object_component id="oc-576">
         <name>.text:displayScreen</name>
         <load_address>0xef84</load_address>
         <run_address>0xef84</run_address>
         <size>0x42</size>
         <input_file_ref idref="fl-6"/>
      </object_component>
      <object_component id="oc-591">
         <name>.text</name>
         <load_address>0xefc6</load_address>
         <run_address>0xefc6</run_address>
         <size>0x40</size>
         <input_file_ref idref="fl-44"/>
      </object_component>
      <object_component id="oc-6f4">
         <name>.text:l_asr_const</name>
         <load_address>0xf006</load_address>
         <run_address>0xf006</run_address>
         <size>0x3e</size>
         <input_file_ref idref="fl-3c"/>
      </object_component>
      <object_component id="oc-6ef">
         <name>.text:l_lsl_const</name>
         <load_address>0xf044</load_address>
         <run_address>0xf044</run_address>
         <size>0x3e</size>
         <input_file_ref idref="fl-54"/>
      </object_component>
      <object_component id="oc-582">
         <name>.text:l_lsr_const</name>
         <load_address>0xf082</load_address>
         <run_address>0xf082</run_address>
         <size>0x3e</size>
         <input_file_ref idref="fl-56"/>
      </object_component>
      <object_component id="oc-508">
         <name>.text:sprintf</name>
         <load_address>0xf0c0</load_address>
         <run_address>0xf0c0</run_address>
         <size>0x38</size>
         <input_file_ref idref="fl-5c"/>
      </object_component>
      <object_component id="oc-7bc">
         <name>.text:SpiRawWrite</name>
         <load_address>0xf0f8</load_address>
         <run_address>0xf0f8</run_address>
         <size>0x34</size>
         <input_file_ref idref="fl-7"/>
      </object_component>
      <object_component id="oc-56f">
         <name>.text:clearLCD</name>
         <load_address>0xf12c</load_address>
         <run_address>0xf12c</run_address>
         <size>0x34</size>
         <input_file_ref idref="fl-6"/>
      </object_component>
      <object_component id="oc-607">
         <name>.text:CS_initFLLSettle</name>
         <load_address>0xf160</load_address>
         <run_address>0xf160</run_address>
         <size>0x32</size>
         <input_file_ref idref="fl-e"/>
      </object_component>
      <object_component id="oc-5e6">
         <name>.text:GPIO_setAsPeripheralModuleFunctionInputPin</name>
         <load_address>0xf192</load_address>
         <run_address>0xf192</run_address>
         <size>0x2e</size>
         <input_file_ref idref="fl-15"/>
      </object_component>
      <object_component id="oc-48d">
         <name>.text:Trf7970InitialSettings</name>
         <load_address>0xf1c0</load_address>
         <run_address>0xf1c0</run_address>
         <size>0x2e</size>
         <input_file_ref idref="fl-8"/>
      </object_component>
      <object_component id="oc-53a">
         <name>.text:getNextSlave</name>
         <load_address>0xf1ee</load_address>
         <run_address>0xf1ee</run_address>
         <size>0x2e</size>
         <input_file_ref idref="fl-2"/>
      </object_component>
      <object_component id="oc-3af">
         <name>.text:initPeripherals</name>
         <load_address>0xf21c</load_address>
         <run_address>0xf21c</run_address>
         <size>0x2e</size>
         <input_file_ref idref="fl-4"/>
      </object_component>
      <object_component id="oc-2f0">
         <name>.text:timerHandler</name>
         <load_address>0xf24a</load_address>
         <run_address>0xf24a</run_address>
         <size>0x2e</size>
         <input_file_ref idref="fl-9"/>
      </object_component>
      <object_component id="oc-7dd">
         <name>.text</name>
         <load_address>0xf278</load_address>
         <run_address>0xf278</run_address>
         <size>0x2c</size>
         <input_file_ref idref="fl-42"/>
      </object_component>
      <object_component id="oc-6c1">
         <name>.text:TRFClearRegBits</name>
         <load_address>0xf2a4</load_address>
         <run_address>0xf2a4</run_address>
         <size>0x2a</size>
         <input_file_ref idref="fl-8"/>
      </object_component>
      <object_component id="oc-6df">
         <name>.text:TRFSetRegBits</name>
         <load_address>0xf2ce</load_address>
         <run_address>0xf2ce</run_address>
         <size>0x2a</size>
         <input_file_ref idref="fl-8"/>
      </object_component>
      <object_component id="oc-3da">
         <name>.text:hostCommandTemplate</name>
         <load_address>0xf2f8</load_address>
         <run_address>0xf2f8</run_address>
         <size>0x2a</size>
         <input_file_ref idref="fl-3"/>
      </object_component>
      <object_component id="oc-4b8">
         <name>.text:LCD_E_init</name>
         <load_address>0xf322</load_address>
         <run_address>0xf322</run_address>
         <size>0x28</size>
         <input_file_ref idref="fl-16"/>
      </object_component>
      <object_component id="oc-626">
         <name>.text:GPIO_setAsInputPinWithPullUpResistor</name>
         <load_address>0xf34a</load_address>
         <run_address>0xf34a</run_address>
         <size>0x26</size>
         <input_file_ref idref="fl-15"/>
      </object_component>
      <object_component id="oc-587">
         <name>.text</name>
         <load_address>0xf370</load_address>
         <run_address>0xf370</run_address>
         <size>0x26</size>
         <input_file_ref idref="fl-5a"/>
      </object_component>
      <object_component id="oc-656">
         <name>.text:SpiSetup</name>
         <load_address>0xf396</load_address>
         <run_address>0xf396</run_address>
         <size>0x22</size>
         <input_file_ref idref="fl-7"/>
      </object_component>
      <object_component id="oc-49f">
         <name>.text:Trf7970TurnRfOff</name>
         <load_address>0xf3b8</load_address>
         <run_address>0xf3b8</run_address>
         <size>0x22</size>
         <input_file_ref idref="fl-8"/>
      </object_component>
      <object_component id="oc-620">
         <name>.text:GPIO_selectInterruptEdge</name>
         <load_address>0xf3da</load_address>
         <run_address>0xf3da</run_address>
         <size>0x20</size>
         <input_file_ref idref="fl-15"/>
      </object_component>
      <object_component id="oc-46e">
         <name>.text:GPIO_setAsInputPin</name>
         <load_address>0xf3fa</load_address>
         <run_address>0xf3fa</run_address>
         <size>0x20</size>
         <input_file_ref idref="fl-15"/>
      </object_component>
      <object_component id="oc-67b">
         <name>.text:setLCDFunction</name>
         <load_address>0xf41a</load_address>
         <run_address>0xf41a</run_address>
         <size>0x20</size>
         <input_file_ref idref="fl-16"/>
      </object_component>
      <object_component id="oc-601">
         <name>.text:CS_clearAllOscFlagsWithTimeout</name>
         <load_address>0xf43a</load_address>
         <run_address>0xf43a</run_address>
         <size>0x1e</size>
         <input_file_ref idref="fl-e"/>
      </object_component>
      <object_component id="oc-511">
         <name>.text:FRAMCtl_write8</name>
         <load_address>0xf458</load_address>
         <run_address>0xf458</run_address>
         <size>0x1e</size>
         <input_file_ref idref="fl-14"/>
      </object_component>
      <object_component id="oc-481">
         <name>.text:McuDelayMillisecond</name>
         <load_address>0xf476</load_address>
         <run_address>0xf476</run_address>
         <size>0x1e</size>
         <input_file_ref idref="fl-9"/>
      </object_component>
      <object_component id="oc-61a">
         <name>.text:GPIO_setAsOutputPin</name>
         <load_address>0xf494</load_address>
         <run_address>0xf494</run_address>
         <size>0x1a</size>
         <input_file_ref idref="fl-15"/>
      </object_component>
      <object_component id="oc-40c">
         <name>.text:Trf7970ResetIrqStatus</name>
         <load_address>0xf4ae</load_address>
         <run_address>0xf4ae</run_address>
         <size>0x1a</size>
         <input_file_ref idref="fl-8"/>
      </object_component>
      <object_component id="oc-9c">
         <name>.text:_c_int00_noargs_noexit</name>
         <load_address>0xf4c8</load_address>
         <run_address>0xf4c8</run_address>
         <size>0x1a</size>
         <input_file_ref idref="fl-3e"/>
      </object_component>
      <object_component id="oc-518">
         <name>.text:checkCommandLength</name>
         <load_address>0xf4e2</load_address>
         <run_address>0xf4e2</run_address>
         <size>0x1a</size>
         <input_file_ref idref="fl-a"/>
      </object_component>
      <object_component id="oc-80b">
         <name>.text:memccpy</name>
         <load_address>0xf4fc</load_address>
         <run_address>0xf4fc</run_address>
         <size>0x1a</size>
         <input_file_ref idref="fl-64"/>
      </object_component>
      <object_component id="oc-777">
         <name>.text:CS_getSMCLK</name>
         <load_address>0xf516</load_address>
         <run_address>0xf516</run_address>
         <size>0x18</size>
         <input_file_ref idref="fl-e"/>
      </object_component>
      <object_component id="oc-69e">
         <name>.text:_outs</name>
         <load_address>0xf52e</load_address>
         <run_address>0xf52e</run_address>
         <size>0x18</size>
         <input_file_ref idref="fl-5c"/>
      </object_component>
      <object_component id="oc-4f7">
         <name>.text:uartEcho</name>
         <load_address>0xf546</load_address>
         <run_address>0xf546</run_address>
         <size>0x18</size>
         <input_file_ref idref="fl-a"/>
      </object_component>
      <object_component id="oc-64d">
         <name>.text:EUSCI_A_UART_enableInterrupt</name>
         <load_address>0xf55e</load_address>
         <run_address>0xf55e</run_address>
         <size>0x16</size>
         <input_file_ref idref="fl-11"/>
      </object_component>
      <object_component id="oc-47a">
         <name>.text:GPIO_clearInterrupt</name>
         <load_address>0xf574</load_address>
         <run_address>0xf574</run_address>
         <size>0x16</size>
         <input_file_ref idref="fl-15"/>
      </object_component>
      <object_component id="oc-62c">
         <name>.text:GPIO_enableInterrupt</name>
         <load_address>0xf58a</load_address>
         <run_address>0xf58a</run_address>
         <size>0x16</size>
         <input_file_ref idref="fl-15"/>
      </object_component>
      <object_component id="oc-614">
         <name>.text:GPIO_setOutputLowOnPin</name>
         <load_address>0xf5a0</load_address>
         <run_address>0xf5a0</run_address>
         <size>0x16</size>
         <input_file_ref idref="fl-15"/>
      </object_component>
      <object_component id="oc-57c">
         <name>.text:displayPoint</name>
         <load_address>0xf5b6</load_address>
         <run_address>0xf5b6</run_address>
         <size>0x16</size>
         <input_file_ref idref="fl-6"/>
      </object_component>
      <object_component id="oc-818">
         <name>.text</name>
         <load_address>0xf5cc</load_address>
         <run_address>0xf5cc</run_address>
         <size>0x16</size>
         <input_file_ref idref="fl-43"/>
      </object_component>
      <object_component id="oc-36b">
         <name>.text:EUSCI_A_UART_receiveData</name>
         <load_address>0xf5e2</load_address>
         <run_address>0xf5e2</run_address>
         <size>0x14</size>
         <input_file_ref idref="fl-11"/>
      </object_component>
      <object_component id="oc-7fe">
         <name>.text:memset</name>
         <load_address>0xf5f6</load_address>
         <run_address>0xf5f6</run_address>
         <size>0x14</size>
         <input_file_ref idref="fl-65"/>
      </object_component>
      <object_component id="oc-433">
         <name>.text</name>
         <load_address>0xf60a</load_address>
         <run_address>0xf60a</run_address>
         <size>0x14</size>
         <input_file_ref idref="fl-59"/>
      </object_component>
      <object_component id="oc-4be">
         <name>.text:LCD_E_setVLCDSource</name>
         <load_address>0xf61e</load_address>
         <run_address>0xf61e</run_address>
         <size>0x12</size>
         <input_file_ref idref="fl-16"/>
      </object_component>
      <object_component id="oc-354">
         <name>.text:Trf7970ReadIrqStatus</name>
         <load_address>0xf630</load_address>
         <run_address>0xf630</run_address>
         <size>0x12</size>
         <input_file_ref idref="fl-8"/>
      </object_component>
      <object_component id="oc-3bc">
         <name>.text:UartSendCString</name>
         <load_address>0xf642</load_address>
         <run_address>0xf642</run_address>
         <size>0x12</size>
         <input_file_ref idref="fl-a"/>
      </object_component>
      <object_component id="oc-6a4">
         <name>.text:_outc</name>
         <load_address>0xf654</load_address>
         <run_address>0xf654</run_address>
         <size>0x12</size>
         <input_file_ref idref="fl-5c"/>
      </object_component>
      <object_component id="oc-64">
         <name>.text:decompress:none:__TI_decompress_none</name>
         <load_address>0xf666</load_address>
         <run_address>0xf666</run_address>
         <size>0x12</size>
         <input_file_ref idref="fl-3f"/>
      </object_component>
      <object_component id="oc-2bf">
         <name>.text:memcpy</name>
         <load_address>0xf678</load_address>
         <run_address>0xf678</run_address>
         <size>0x12</size>
         <input_file_ref idref="fl-57"/>
      </object_component>
      <object_component id="oc-716">
         <name>.text:UartNibble2Ascii</name>
         <load_address>0xf68a</load_address>
         <run_address>0xf68a</run_address>
         <size>0x10</size>
         <input_file_ref idref="fl-a"/>
      </object_component>
      <object_component id="oc-3c2">
         <name>.text:UartPutCrlf</name>
         <load_address>0xf69a</load_address>
         <run_address>0xf69a</run_address>
         <size>0x10</size>
         <input_file_ref idref="fl-a"/>
      </object_component>
      <object_component id="oc-596">
         <name>.text:displaySymbol</name>
         <load_address>0xf6aa</load_address>
         <run_address>0xf6aa</run_address>
         <size>0x10</size>
         <input_file_ref idref="fl-6"/>
      </object_component>
      <object_component id="oc-4e2">
         <name>.text:LCD_E_selectDisplayMemory</name>
         <load_address>0xf6ba</load_address>
         <run_address>0xf6ba</run_address>
         <size>0xe</size>
         <input_file_ref idref="fl-16"/>
      </object_component>
      <object_component id="oc-4d0">
         <name>.text:LCD_E_setChargePumpFreq</name>
         <load_address>0xf6c8</load_address>
         <run_address>0xf6c8</run_address>
         <size>0xe</size>
         <input_file_ref idref="fl-16"/>
      </object_component>
      <object_component id="oc-4c4">
         <name>.text:LCD_E_setVLCDVoltage</name>
         <load_address>0xf6d6</load_address>
         <run_address>0xf6d6</run_address>
         <size>0xe</size>
         <input_file_ref idref="fl-16"/>
      </object_component>
      <object_component id="oc-7c3">
         <name>.text:McuCounterSet</name>
         <load_address>0xf6e4</load_address>
         <run_address>0xf6e4</run_address>
         <size>0xe</size>
         <input_file_ref idref="fl-9"/>
      </object_component>
      <object_component id="oc-2de">
         <name>.text:PORT2_ISR</name>
         <load_address>0xf6f2</load_address>
         <run_address>0xf6f2</run_address>
         <size>0xe</size>
         <input_file_ref idref="fl-4"/>
      </object_component>
      <object_component id="oc-406">
         <name>.text:Trf7970Reset</name>
         <load_address>0xf700</load_address>
         <run_address>0xf700</run_address>
         <size>0xe</size>
         <input_file_ref idref="fl-8"/>
      </object_component>
      <object_component id="oc-400">
         <name>.text:Trf7970StopDecoders</name>
         <load_address>0xf70e</load_address>
         <run_address>0xf70e</run_address>
         <size>0xe</size>
         <input_file_ref idref="fl-8"/>
      </object_component>
      <object_component id="oc-4a6">
         <name>.text:UartPutChar</name>
         <load_address>0xf71c</load_address>
         <run_address>0xf71c</run_address>
         <size>0xe</size>
         <input_file_ref idref="fl-a"/>
      </object_component>
      <object_component id="oc-798">
         <name>.text:strlen</name>
         <load_address>0xf72a</load_address>
         <run_address>0xf72a</run_address>
         <size>0xe</size>
         <input_file_ref idref="fl-5d"/>
      </object_component>
      <object_component id="oc-4e8">
         <name>.text:LCD_E_on</name>
         <load_address>0xf738</load_address>
         <run_address>0xf738</run_address>
         <size>0xc</size>
         <input_file_ref idref="fl-16"/>
      </object_component>
      <object_component id="oc-5ae">
         <name>.text:EUSCI_B_SPI_isBusy</name>
         <load_address>0xf744</load_address>
         <run_address>0xf744</run_address>
         <size>0xa</size>
         <input_file_ref idref="fl-13"/>
      </object_component>
      <object_component id="oc-681">
         <name>.text</name>
         <load_address>0xf74e</load_address>
         <run_address>0xf74e</run_address>
         <size>0xa</size>
         <input_file_ref idref="fl-53"/>
      </object_component>
      <object_component id="oc-676">
         <name>.text</name>
         <load_address>0xf758</load_address>
         <run_address>0xf758</run_address>
         <size>0xa</size>
         <input_file_ref idref="fl-55"/>
      </object_component>
      <object_component id="oc-377">
         <name>.text:EUSCI_A_UART_clearInterrupt</name>
         <load_address>0xf762</load_address>
         <run_address>0xf762</run_address>
         <size>0x8</size>
         <input_file_ref idref="fl-11"/>
      </object_component>
      <object_component id="oc-5a2">
         <name>.text:EUSCI_B_SPI_getInterruptStatus</name>
         <load_address>0xf76a</load_address>
         <run_address>0xf76a</run_address>
         <size>0x8</size>
         <input_file_ref idref="fl-13"/>
      </object_component>
      <object_component id="oc-5b7">
         <name>.text:EUSCI_B_SPI_receiveData</name>
         <load_address>0xf772</load_address>
         <run_address>0xf772</run_address>
         <size>0x8</size>
         <input_file_ref idref="fl-13"/>
      </object_component>
      <object_component id="oc-5a8">
         <name>.text:EUSCI_B_SPI_transmitData</name>
         <load_address>0xf77a</load_address>
         <run_address>0xf77a</run_address>
         <size>0x8</size>
         <input_file_ref idref="fl-13"/>
      </object_component>
      <object_component id="oc-4ca">
         <name>.text:LCD_E_enableChargePump</name>
         <load_address>0xf782</load_address>
         <run_address>0xf782</run_address>
         <size>0x8</size>
         <input_file_ref idref="fl-16"/>
      </object_component>
      <object_component id="oc-2d9">
         <name>.text:_isr:__TI_ISR_TRAP</name>
         <load_address>0xf78a</load_address>
         <run_address>0xf78a</run_address>
         <size>0x8</size>
         <input_file_ref idref="fl-52"/>
      </object_component>
      <object_component id="oc-63b">
         <name>.text:EUSCI_A_UART_disable</name>
         <load_address>0xf792</load_address>
         <run_address>0xf792</run_address>
         <size>0x6</size>
         <input_file_ref idref="fl-11"/>
      </object_component>
      <object_component id="oc-647">
         <name>.text:EUSCI_A_UART_enable</name>
         <load_address>0xf798</load_address>
         <run_address>0xf798</run_address>
         <size>0x6</size>
         <input_file_ref idref="fl-11"/>
      </object_component>
      <object_component id="oc-783">
         <name>.text:EUSCI_B_SPI_enable</name>
         <load_address>0xf79e</load_address>
         <run_address>0xf79e</run_address>
         <size>0x6</size>
         <input_file_ref idref="fl-13"/>
      </object_component>
      <object_component id="oc-4d6">
         <name>.text:LCD_E_clearAllMemory</name>
         <load_address>0xf7a4</load_address>
         <run_address>0xf7a4</run_address>
         <size>0x6</size>
         <input_file_ref idref="fl-16"/>
      </object_component>
      <object_component id="oc-5ec">
         <name>.text:PMM_unlockLPM5</name>
         <load_address>0xf7aa</load_address>
         <run_address>0xf7aa</run_address>
         <size>0x6</size>
         <input_file_ref idref="fl-18"/>
      </object_component>
      <object_component id="oc-325">
         <name>.text:abort</name>
         <load_address>0xf7b0</load_address>
         <run_address>0xf7b0</run_address>
         <size>0x6</size>
         <input_file_ref idref="fl-46"/>
      </object_component>
      <object_component id="oc-6a">
         <name>.text:decompress:rle24:__TI_decompress_rle24</name>
         <load_address>0xf7b6</load_address>
         <run_address>0xf7b6</run_address>
         <size>0x6</size>
         <input_file_ref idref="fl-40"/>
      </object_component>
      <object_component id="oc-487">
         <name>.text:Trf7970CommunicationSetup</name>
         <load_address>0xf7bc</load_address>
         <run_address>0xf7bc</run_address>
         <size>0x4</size>
         <input_file_ref idref="fl-8"/>
      </object_component>
      <object_component id="oc-5c7">
         <name>.text:Trf7970DirectCommand</name>
         <load_address>0xf7c0</load_address>
         <run_address>0xf7c0</run_address>
         <size>0x4</size>
         <input_file_ref idref="fl-8"/>
      </object_component>
      <object_component id="oc-6c7">
         <name>.text:Trf7970RawWrite</name>
         <load_address>0xf7c4</load_address>
         <run_address>0xf7c4</run_address>
         <size>0x4</size>
         <input_file_ref idref="fl-8"/>
      </object_component>
      <object_component id="oc-493">
         <name>.text:Trf7970ReConfig</name>
         <load_address>0xf7c8</load_address>
         <run_address>0xf7c8</run_address>
         <size>0x4</size>
         <input_file_ref idref="fl-8"/>
      </object_component>
      <object_component id="oc-3f9">
         <name>.text:Trf7970ReadCont</name>
         <load_address>0xf7cc</load_address>
         <run_address>0xf7cc</run_address>
         <size>0x4</size>
         <input_file_ref idref="fl-8"/>
      </object_component>
      <object_component id="oc-34e">
         <name>.text:Trf7970ReadSingle</name>
         <load_address>0xf7d0</load_address>
         <run_address>0xf7d0</run_address>
         <size>0x4</size>
         <input_file_ref idref="fl-8"/>
      </object_component>
      <object_component id="oc-66b">
         <name>.text:Trf7970WriteCont</name>
         <load_address>0xf7d4</load_address>
         <run_address>0xf7d4</run_address>
         <size>0x4</size>
         <input_file_ref idref="fl-8"/>
      </object_component>
      <object_component id="oc-65d">
         <name>.text:Trf7970WriteSingle</name>
         <load_address>0xf7d8</load_address>
         <run_address>0xf7d8</run_address>
         <size>0x4</size>
         <input_file_ref idref="fl-8"/>
      </object_component>
      <object_component id="oc-2fd">
         <name>.text:_system_pre_init</name>
         <load_address>0xf7dc</load_address>
         <run_address>0xf7dc</run_address>
         <size>0x4</size>
         <input_file_ref idref="fl-5b"/>
      </object_component>
      <object_component id="oc-38e">
         <name>.text:_system_post_cinit</name>
         <load_address>0xf7e0</load_address>
         <run_address>0xf7e0</run_address>
         <size>0x2</size>
         <input_file_ref idref="fl-66"/>
      </object_component>
      <object_component id="oc-70c">
         <name>.bss</name>
         <uninitialized>true</uninitialized>
         <run_address>0x2064</run_address>
         <size>0x23</size>
         <input_file_ref idref="fl-2"/>
      </object_component>
      <object_component id="oc-52e">
         <name>.bss:rawUID</name>
         <uninitialized>true</uninitialized>
         <run_address>0x20c4</run_address>
         <size>0xa</size>
         <input_file_ref idref="fl-5"/>
      </object_component>
      <object_component id="oc-564">
         <name>.bss:uidText</name>
         <uninitialized>true</uninitialized>
         <run_address>0x20b4</run_address>
         <size>0x10</size>
         <input_file_ref idref="fl-5"/>
      </object_component>
      <object_component id="oc-537">
         <name>.bss</name>
         <uninitialized>true</uninitialized>
         <run_address>0x20a2</run_address>
         <size>0x12</size>
         <input_file_ref idref="fl-5"/>
      </object_component>
      <object_component id="oc-7d1">
         <name>.common:t_fine</name>
         <uninitialized>true</uninitialized>
         <run_address>0x20ce</run_address>
         <size>0x4</size>
      </object_component>
      <object_component id="oc-505">
         <name>.common:string</name>
         <uninitialized>true</uninitialized>
         <run_address>0x2088</run_address>
         <size>0x1a</size>
      </object_component>
      <object_component id="oc-412">
         <name>.common:buf</name>
         <uninitialized>true</uninitialized>
         <run_address>0x2000</run_address>
         <size>0x64</size>
      </object_component>
      <object_component id="oc-374">
         <name>.common:newUartCommand</name>
         <uninitialized>true</uninitialized>
         <run_address>0x2087</run_address>
         <size>0x1</size>
      </object_component>
      <object_component id="oc-5c6">
         <name>.common:command</name>
         <uninitialized>true</uninitialized>
         <run_address>0x20d2</run_address>
         <size>0x2</size>
      </object_component>
      <object_component id="oc-4f4">
         <name>.data</name>
         <load_address>0x213a</load_address>
         <run_address>0x213a</run_address>
         <size>0x4</size>
         <input_file_ref idref="fl-3"/>
      </object_component>
      <object_component id="oc-34a">
         <name>.data</name>
         <load_address>0x2108</load_address>
         <run_address>0x2108</run_address>
         <size>0x16</size>
         <input_file_ref idref="fl-4"/>
      </object_component>
      <object_component id="oc-371">
         <name>.data:uartBuffer</name>
         <load_address>0x20d4</load_address>
         <run_address>0x20d4</run_address>
         <size>0x33</size>
         <input_file_ref idref="fl-4"/>
      </object_component>
      <object_component id="oc-51f">
         <name>.data</name>
         <load_address>0x211e</load_address>
         <run_address>0x211e</run_address>
         <size>0xc</size>
         <input_file_ref idref="fl-5"/>
      </object_component>
      <object_component id="oc-720">
         <name>.data:lcdPosArray</name>
         <load_address>0x212a</load_address>
         <run_address>0x212a</run_address>
         <size>0x6</size>
         <input_file_ref idref="fl-6"/>
      </object_component>
      <object_component id="oc-5b4">
         <name>.data</name>
         <load_address>0x2107</load_address>
         <run_address>0x2107</run_address>
         <size>0x1</size>
         <input_file_ref idref="fl-7"/>
      </object_component>
      <object_component id="oc-368">
         <name>.data</name>
         <load_address>0x2130</load_address>
         <run_address>0x2130</run_address>
         <size>0x5</size>
         <input_file_ref idref="fl-a"/>
      </object_component>
      <object_component id="oc-413">
         <name>.data</name>
         <load_address>0x213e</load_address>
         <run_address>0x213e</run_address>
         <size>0x2</size>
         <input_file_ref idref="fl-b"/>
      </object_component>
      <object_component id="oc-820">
         <name>.data</name>
         <load_address>0x2136</load_address>
         <run_address>0x2136</run_address>
         <size>0x4</size>
         <input_file_ref idref="fl-e"/>
      </object_component>
      <object_component id="oc-2bb">
         <name>.stack</name>
         <uninitialized>true</uninitialized>
         <run_address>0x2760</run_address>
         <size>0x2</size>
         <input_file_ref idref="fl-3d"/>
      </object_component>
      <object_component id="oc-8a9">
         <name>.stack</name>
         <uninitialized>true</uninitialized>
         <run_address>0x2760</run_address>
         <size>0x0</size>
      </object_component>
      <object_component id="oc-70">
         <name>.int45</name>
         <load_address>0xffe2</load_address>
         <run_address>0xffe2</run_address>
         <size>0x2</size>
         <input_file_ref idref="fl-48"/>
      </object_component>
      <object_component id="oc-71">
         <name>.int46</name>
         <load_address>0xffe4</load_address>
         <run_address>0xffe4</run_address>
         <size>0x2</size>
         <input_file_ref idref="fl-4"/>
      </object_component>
      <object_component id="oc-72">
         <name>.int47</name>
         <load_address>0xffe6</load_address>
         <run_address>0xffe6</run_address>
         <size>0x2</size>
         <input_file_ref idref="fl-8"/>
      </object_component>
      <object_component id="oc-73">
         <name>.int48</name>
         <load_address>0xffe8</load_address>
         <run_address>0xffe8</run_address>
         <size>0x2</size>
         <input_file_ref idref="fl-49"/>
      </object_component>
      <object_component id="oc-74">
         <name>.int49</name>
         <load_address>0xffea</load_address>
         <run_address>0xffea</run_address>
         <size>0x2</size>
         <input_file_ref idref="fl-4a"/>
      </object_component>
      <object_component id="oc-75">
         <name>.int50</name>
         <load_address>0xffec</load_address>
         <run_address>0xffec</run_address>
         <size>0x2</size>
         <input_file_ref idref="fl-a"/>
      </object_component>
      <object_component id="oc-76">
         <name>.int51</name>
         <load_address>0xffee</load_address>
         <run_address>0xffee</run_address>
         <size>0x2</size>
         <input_file_ref idref="fl-4b"/>
      </object_component>
      <object_component id="oc-77">
         <name>.int52</name>
         <load_address>0xfff0</load_address>
         <run_address>0xfff0</run_address>
         <size>0x2</size>
         <input_file_ref idref="fl-4c"/>
      </object_component>
      <object_component id="oc-78">
         <name>.int53</name>
         <load_address>0xfff2</load_address>
         <run_address>0xfff2</run_address>
         <size>0x2</size>
         <input_file_ref idref="fl-4d"/>
      </object_component>
      <object_component id="oc-79">
         <name>.int54</name>
         <load_address>0xfff4</load_address>
         <run_address>0xfff4</run_address>
         <size>0x2</size>
         <input_file_ref idref="fl-4e"/>
      </object_component>
      <object_component id="oc-7a">
         <name>.int55</name>
         <load_address>0xfff6</load_address>
         <run_address>0xfff6</run_address>
         <size>0x2</size>
         <input_file_ref idref="fl-4f"/>
      </object_component>
      <object_component id="oc-7b">
         <name>.int56</name>
         <load_address>0xfff8</load_address>
         <run_address>0xfff8</run_address>
         <size>0x2</size>
         <input_file_ref idref="fl-9"/>
      </object_component>
      <object_component id="oc-7c">
         <name>.int57</name>
         <load_address>0xfffa</load_address>
         <run_address>0xfffa</run_address>
         <size>0x2</size>
         <input_file_ref idref="fl-50"/>
      </object_component>
      <object_component id="oc-7d">
         <name>.int58</name>
         <load_address>0xfffc</load_address>
         <run_address>0xfffc</run_address>
         <size>0x2</size>
         <input_file_ref idref="fl-51"/>
      </object_component>
      <object_component id="oc-2be">
         <name>.reset</name>
         <load_address>0xfffe</load_address>
         <run_address>0xfffe</run_address>
         <size>0x2</size>
         <input_file_ref idref="fl-3d"/>
      </object_component>
      <object_component id="oc-6bf">
         <name>.debug_info</name>
         <load_address>0x0</load_address>
         <run_address>0x0</run_address>
         <size>0x2be</size>
         <input_file_ref idref="fl-2"/>
      </object_component>
      <object_component id="oc-70d">
         <name>.debug_info</name>
         <load_address>0x2be</load_address>
         <run_address>0x2be</run_address>
         <size>0x2ba</size>
         <input_file_ref idref="fl-2"/>
      </object_component>
      <object_component id="oc-523">
         <name>.debug_info</name>
         <load_address>0x578</load_address>
         <run_address>0x578</run_address>
         <size>0x2d3</size>
         <input_file_ref idref="fl-2"/>
      </object_component>
      <object_component id="oc-547">
         <name>.debug_info</name>
         <load_address>0x84b</load_address>
         <run_address>0x84b</run_address>
         <size>0x280</size>
         <input_file_ref idref="fl-2"/>
      </object_component>
      <object_component id="oc-541">
         <name>.debug_info</name>
         <load_address>0xacb</load_address>
         <run_address>0xacb</run_address>
         <size>0x3f8</size>
         <input_file_ref idref="fl-2"/>
      </object_component>
      <object_component id="oc-6fa">
         <name>.debug_info</name>
         <load_address>0xec3</load_address>
         <run_address>0xec3</run_address>
         <size>0x23e</size>
         <input_file_ref idref="fl-2"/>
      </object_component>
      <object_component id="oc-700">
         <name>.debug_info</name>
         <load_address>0x1101</load_address>
         <run_address>0x1101</run_address>
         <size>0x35e</size>
         <input_file_ref idref="fl-2"/>
      </object_component>
      <object_component id="oc-706">
         <name>.debug_info</name>
         <load_address>0x145f</load_address>
         <run_address>0x145f</run_address>
         <size>0x2f6</size>
         <input_file_ref idref="fl-2"/>
      </object_component>
      <object_component id="oc-553">
         <name>.debug_info</name>
         <load_address>0x1755</load_address>
         <run_address>0x1755</run_address>
         <size>0x195</size>
         <input_file_ref idref="fl-2"/>
      </object_component>
      <object_component id="oc-53b">
         <name>.debug_info</name>
         <load_address>0x18ea</load_address>
         <run_address>0x18ea</run_address>
         <size>0x1ad</size>
         <input_file_ref idref="fl-2"/>
      </object_component>
      <object_component id="oc-6b9">
         <name>.debug_info</name>
         <load_address>0x1a97</load_address>
         <run_address>0x1a97</run_address>
         <size>0x81</size>
         <input_file_ref idref="fl-2"/>
      </object_component>
      <object_component id="oc-699">
         <name>.debug_info</name>
         <load_address>0x1b18</load_address>
         <run_address>0x1b18</run_address>
         <size>0x75</size>
         <input_file_ref idref="fl-2"/>
      </object_component>
      <object_component id="oc-333">
         <name>.debug_info</name>
         <load_address>0x1b8d</load_address>
         <run_address>0x1b8d</run_address>
         <size>0x84</size>
         <input_file_ref idref="fl-2"/>
      </object_component>
      <object_component id="oc-41c">
         <name>.debug_info</name>
         <load_address>0x1c11</load_address>
         <run_address>0x1c11</run_address>
         <size>0x18b</size>
         <input_file_ref idref="fl-2"/>
      </object_component>
      <object_component id="oc-361">
         <name>.debug_info</name>
         <load_address>0x1d9c</load_address>
         <run_address>0x1d9c</run_address>
         <size>0x6d</size>
         <input_file_ref idref="fl-2"/>
      </object_component>
      <object_component id="oc-7a6">
         <name>.debug_info</name>
         <load_address>0x1e09</load_address>
         <run_address>0x1e09</run_address>
         <size>0x2c</size>
         <input_file_ref idref="fl-2"/>
      </object_component>
      <object_component id="oc-506">
         <name>.debug_info</name>
         <load_address>0x1e35</load_address>
         <run_address>0x1e35</run_address>
         <size>0x722</size>
         <input_file_ref idref="fl-3"/>
      </object_component>
      <object_component id="oc-4f5">
         <name>.debug_info</name>
         <load_address>0x2557</load_address>
         <run_address>0x2557</run_address>
         <size>0xe0</size>
         <input_file_ref idref="fl-3"/>
      </object_component>
      <object_component id="oc-3db">
         <name>.debug_info</name>
         <load_address>0x2637</load_address>
         <run_address>0x2637</run_address>
         <size>0x259</size>
         <input_file_ref idref="fl-3"/>
      </object_component>
      <object_component id="oc-3d5">
         <name>.debug_info</name>
         <load_address>0x2890</load_address>
         <run_address>0x2890</run_address>
         <size>0x1b9</size>
         <input_file_ref idref="fl-3"/>
      </object_component>
      <object_component id="oc-3cf">
         <name>.debug_info</name>
         <load_address>0x2a49</load_address>
         <run_address>0x2a49</run_address>
         <size>0x1f2</size>
         <input_file_ref idref="fl-3"/>
      </object_component>
      <object_component id="oc-42b">
         <name>.debug_info</name>
         <load_address>0x2c3b</load_address>
         <run_address>0x2c3b</run_address>
         <size>0x118</size>
         <input_file_ref idref="fl-3"/>
      </object_component>
      <object_component id="oc-375">
         <name>.debug_info</name>
         <load_address>0x2d53</load_address>
         <run_address>0x2d53</run_address>
         <size>0x8bd</size>
         <input_file_ref idref="fl-4"/>
      </object_component>
      <object_component id="oc-34b">
         <name>.debug_info</name>
         <load_address>0x3610</load_address>
         <run_address>0x3610</run_address>
         <size>0x35c</size>
         <input_file_ref idref="fl-4"/>
      </object_component>
      <object_component id="oc-372">
         <name>.debug_info</name>
         <load_address>0x396c</load_address>
         <run_address>0x396c</run_address>
         <size>0xe5</size>
         <input_file_ref idref="fl-4"/>
      </object_component>
      <object_component id="oc-50f">
         <name>.debug_info</name>
         <load_address>0x3a51</load_address>
         <run_address>0x3a51</run_address>
         <size>0xe3</size>
         <input_file_ref idref="fl-4"/>
      </object_component>
      <object_component id="oc-5f9">
         <name>.debug_info</name>
         <load_address>0x3b34</load_address>
         <run_address>0x3b34</run_address>
         <size>0xdf</size>
         <input_file_ref idref="fl-4"/>
      </object_component>
      <object_component id="oc-31e">
         <name>.debug_info</name>
         <load_address>0x3c13</load_address>
         <run_address>0x3c13</run_address>
         <size>0x1d9</size>
         <input_file_ref idref="fl-4"/>
      </object_component>
      <object_component id="oc-469">
         <name>.debug_info</name>
         <load_address>0x3dec</load_address>
         <run_address>0x3dec</run_address>
         <size>0x3ec</size>
         <input_file_ref idref="fl-4"/>
      </object_component>
      <object_component id="oc-3b0">
         <name>.debug_info</name>
         <load_address>0x41d8</load_address>
         <run_address>0x41d8</run_address>
         <size>0x199</size>
         <input_file_ref idref="fl-4"/>
      </object_component>
      <object_component id="oc-2df">
         <name>.debug_info</name>
         <load_address>0x4371</load_address>
         <run_address>0x4371</run_address>
         <size>0x111</size>
         <input_file_ref idref="fl-4"/>
      </object_component>
      <object_component id="oc-463">
         <name>.debug_info</name>
         <load_address>0x4482</load_address>
         <run_address>0x4482</run_address>
         <size>0x26c</size>
         <input_file_ref idref="fl-4"/>
      </object_component>
      <object_component id="oc-59d">
         <name>.debug_info</name>
         <load_address>0x46ee</load_address>
         <run_address>0x46ee</run_address>
         <size>0xa7</size>
         <input_file_ref idref="fl-4"/>
      </object_component>
      <object_component id="oc-426">
         <name>.debug_info</name>
         <load_address>0x4795</load_address>
         <run_address>0x4795</run_address>
         <size>0x76</size>
         <input_file_ref idref="fl-4"/>
      </object_component>
      <object_component id="oc-5d4">
         <name>.debug_info</name>
         <load_address>0x480b</load_address>
         <run_address>0x480b</run_address>
         <size>0xee</size>
         <input_file_ref idref="fl-4"/>
      </object_component>
      <object_component id="oc-73a">
         <name>.debug_info</name>
         <load_address>0x48f9</load_address>
         <run_address>0x48f9</run_address>
         <size>0x174</size>
         <input_file_ref idref="fl-4"/>
      </object_component>
      <object_component id="oc-4ef">
         <name>.debug_info</name>
         <load_address>0x4a6d</load_address>
         <run_address>0x4a6d</run_address>
         <size>0x9e</size>
         <input_file_ref idref="fl-4"/>
      </object_component>
      <object_component id="oc-37e">
         <name>.debug_info</name>
         <load_address>0x4b0b</load_address>
         <run_address>0x4b0b</run_address>
         <size>0x8b</size>
         <input_file_ref idref="fl-4"/>
      </object_component>
      <object_component id="oc-56e">
         <name>.debug_info</name>
         <load_address>0x4b96</load_address>
         <run_address>0x4b96</run_address>
         <size>0x601</size>
         <input_file_ref idref="fl-5"/>
      </object_component>
      <object_component id="oc-520">
         <name>.debug_info</name>
         <load_address>0x5197</load_address>
         <run_address>0x5197</run_address>
         <size>0x11c</size>
         <input_file_ref idref="fl-5"/>
      </object_component>
      <object_component id="oc-52f">
         <name>.debug_info</name>
         <load_address>0x52b3</load_address>
         <run_address>0x52b3</run_address>
         <size>0xe8</size>
         <input_file_ref idref="fl-5"/>
      </object_component>
      <object_component id="oc-565">
         <name>.debug_info</name>
         <load_address>0x539b</load_address>
         <run_address>0x539b</run_address>
         <size>0xea</size>
         <input_file_ref idref="fl-5"/>
      </object_component>
      <object_component id="oc-538">
         <name>.debug_info</name>
         <load_address>0x5485</load_address>
         <run_address>0x5485</run_address>
         <size>0x17e</size>
         <input_file_ref idref="fl-5"/>
      </object_component>
      <object_component id="oc-3e1">
         <name>.debug_info</name>
         <load_address>0x5603</load_address>
         <run_address>0x5603</run_address>
         <size>0x3d0</size>
         <input_file_ref idref="fl-5"/>
      </object_component>
      <object_component id="oc-3e7">
         <name>.debug_info</name>
         <load_address>0x59d3</load_address>
         <run_address>0x59d3</run_address>
         <size>0x5f6</size>
         <input_file_ref idref="fl-5"/>
      </object_component>
      <object_component id="oc-72a">
         <name>.debug_info</name>
         <load_address>0x5fc9</load_address>
         <run_address>0x5fc9</run_address>
         <size>0x51d</size>
         <input_file_ref idref="fl-6"/>
      </object_component>
      <object_component id="oc-7e3">
         <name>.debug_info</name>
         <load_address>0x64e6</load_address>
[...]
      </symbol>
      <symbol id="sm-780">
         <name>CS_initClockSignal</name>
         <value>0xdfe4</value>
         <object_component_ref idref="oc-5f2"/>
      </symbol>
      <symbol id="sm-7b6">
         <name>EUSCI_A_UART_enableInterrupt</name>
         <value>0xf55e</value>
         <object_component_ref idref="oc-64d"/>
      </symbol>
      <symbol id="sm-7b7">
         <name>EUSCI_A_UART_init</name>
         <value>0xe1aa</value>
         <object_component_ref idref="oc-641"/>
      </symbol>
      <symbol id="sm-7b8">
         <name>EUSCI_A_UART_enable</name>
         <value>0xf798</value>
         <object_component_ref idref="oc-647"/>
      </symbol>
      <symbol id="sm-7b9">
         <name>EUSCI_A_UART_disable</name>
         <value>0xf792</value>
         <object_component_ref idref="oc-63b"/>
      </symbol>
      <symbol id="sm-7ba">
         <name>EUSCI_A_UART_receiveData</name>
         <value>0xf5e2</value>
         <object_component_ref idref="oc-36b"/>
      </symbol>
      <symbol id="sm-7bb">
         <name>EUSCI_A_UART_clearInterrupt</name>
         <value>0xf762</value>
         <object_component_ref idref="oc-377"/>
      </symbol>
      <symbol id="sm-7eb">
         <name>EUSCI_B_SPI_isBusy</name>
         <value>0xf744</value>
         <object_component_ref idref="oc-5ae"/>
      </symbol>
      <symbol id="sm-7ec">
         <name>EUSCI_B_SPI_receiveData</name>
         <value>0xf772</value>
         <object_component_ref idref="oc-5b7"/>
      </symbol>
      <symbol id="sm-7ed">
         <name>EUSCI_B_SPI_getInterruptStatus</name>
         <value>0xf76a</value>
         <object_component_ref idref="oc-5a2"/>
      </symbol>
      <symbol id="sm-7ee">
         <name>EUSCI_B_SPI_enable</name>
         <value>0xf79e</value>
         <object_component_ref idref="oc-783"/>
      </symbol>
      <symbol id="sm-7ef">
         <name>EUSCI_B_SPI_transmitData</name>
         <value>0xf77a</value>
         <object_component_ref idref="oc-5a8"/>
      </symbol>
      <symbol id="sm-7f0">
         <name>EUSCI_B_SPI_initMaster</name>
         <value>0xee16</value>
         <object_component_ref idref="oc-77d"/>
      </symbol>
      <symbol id="sm-7fe">
         <name>FRAMCtl_write8</name>
         <value>0xf458</value>
         <object_component_ref idref="oc-511"/>
      </symbol>
      <symbol id="sm-84e">
         <name>GPIO_setAsInputPin</name>
         <value>0xf3fa</value>
         <object_component_ref idref="oc-46e"/>
      </symbol>
      <symbol id="sm-84f">
         <name>GPIO_clearInterrupt</name>
         <value>0xf574</value>
         <object_component_ref idref="oc-47a"/>
      </symbol>
      <symbol id="sm-850">
         <name>GPIO_selectInterruptEdge</name>
         <value>0xf3da</value>
         <object_component_ref idref="oc-620"/>
      </symbol>
      <symbol id="sm-851">
         <name>GPIO_setAsInputPinWithPullUpResistor</name>
         <value>0xf34a</value>
         <object_component_ref idref="oc-626"/>
      </symbol>
      <symbol id="sm-852">
         <name>GPIO_enableInterrupt</name>
         <value>0xf58a</value>
         <object_component_ref idref="oc-62c"/>
      </symbol>
      <symbol id="sm-853">
         <name>GPIO_setAsOutputPin</name>
         <value>0xf494</value>
         <object_component_ref idref="oc-61a"/>
      </symbol>
      <symbol id="sm-854">
         <name>GPIO_setOutputLowOnPin</name>
         <value>0xf5a0</value>
         <object_component_ref idref="oc-614"/>
      </symbol>
      <symbol id="sm-855">
         <name>GPIO_setAsPeripheralModuleFunctionInputPin</name>
         <value>0xf192</value>
         <object_component_ref idref="oc-5e6"/>
      </symbol>
      <symbol id="sm-8ba">
         <name>LCD_E_clearAllMemory</name>
         <value>0xf7a4</value>
         <object_component_ref idref="oc-4d6"/>
      </symbol>
      <symbol id="sm-8bb">
         <name>LCD_E_on</name>
         <value>0xf738</value>
         <object_component_ref idref="oc-4e8"/>
      </symbol>
      <symbol id="sm-8bc">
         <name>LCD_E_setPinAsCOM</name>
         <value>0xe460</value>
         <object_component_ref idref="oc-4dc"/>
      </symbol>
      <symbol id="sm-8bd">
         <name>LCD_E_setVLCDSource</name>
         <value>0xf61e</value>
         <object_component_ref idref="oc-4be"/>
      </symbol>
      <symbol id="sm-8be">
         <name>LCD_E_selectDisplayMemory</name>
         <value>0xf6ba</value>
         <object_component_ref idref="oc-4e2"/>
      </symbol>
      <symbol id="sm-8bf">
         <name>LCD_E_setChargePumpFreq</name>
         <value>0xf6c8</value>
         <object_component_ref idref="oc-4d0"/>
      </symbol>
      <symbol id="sm-8c0">
         <name>LCD_E_init</name>
         <value>0xf322</value>
         <object_component_ref idref="oc-4b8"/>
      </symbol>
      <symbol id="sm-8c1">
         <name>LCD_E_enableChargePump</name>
         <value>0xf782</value>
         <object_component_ref idref="oc-4ca"/>
      </symbol>
      <symbol id="sm-8c2">
         <name>LCD_E_setVLCDVoltage</name>
         <value>0xf6d6</value>
         <object_component_ref idref="oc-4c4"/>
      </symbol>
      <symbol id="sm-8c3">
         <name>LCD_E_INIT_PARAM</name>
         <value>0xc70a</value>
         <object_component_ref idref="oc-4b5"/>
      </symbol>
      <symbol id="sm-8c4">
         <name>LCD_E_setPinAsLCDFunctionEx</name>
         <value>0xe350</value>
         <object_component_ref idref="oc-4af"/>
      </symbol>
      <symbol id="sm-8ce">
         <name>PMM_unlockLPM5</name>
         <value>0xf7aa</value>
         <object_component_ref idref="oc-5ec"/>
      </symbol>
      <symbol id="sm-8df">
         <name>__mspabi_sral_15</name>
         <value>0xf006</value>
         <object_component_ref idref="oc-6f4"/>
      </symbol>
      <symbol id="sm-8e0">
         <name>__mspabi_sral_14</name>
         <value>0xf00a</value>
         <object_component_ref idref="oc-6f4"/>
      </symbol>
      <symbol id="sm-8e1">
         <name>__mspabi_sral_13</name>
         <value>0xf00e</value>
         <object_component_ref idref="oc-6f4"/>
      </symbol>
      <symbol id="sm-8e2">
         <name>__mspabi_sral_12</name>
         <value>0xf012</value>
         <object_component_ref idref="oc-6f4"/>
      </symbol>
      <symbol id="sm-8e3">
         <name>__mspabi_sral_11</name>
         <value>0xf016</value>
         <object_component_ref idref="oc-6f4"/>
      </symbol>
      <symbol id="sm-8e4">
         <name>__mspabi_sral_10</name>
         <value>0xf01a</value>
         <object_component_ref idref="oc-6f4"/>
      </symbol>
      <symbol id="sm-8e5">
         <name>__mspabi_sral_8</name>
         <value>0xf022</value>
         <object_component_ref idref="oc-6f4"/>
      </symbol>
      <symbol id="sm-8e6">
         <name>__mspabi_sral_9</name>
         <value>0xf01e</value>
         <object_component_ref idref="oc-6f4"/>
      </symbol>
      <symbol id="sm-8e7">
         <name>__mspabi_sral_6</name>
         <value>0xf02a</value>
         <object_component_ref idref="oc-6f4"/>
      </symbol>
      <symbol id="sm-8e8">
         <name>__mspabi_sral_7</name>
         <value>0xf026</value>
         <object_component_ref idref="oc-6f4"/>
      </symbol>
      <symbol id="sm-8e9">
         <name>__mspabi_sral_4</name>
         <value>0xf032</value>
         <object_component_ref idref="oc-6f4"/>
      </symbol>
      <symbol id="sm-8ea">
         <name>__mspabi_sral_5</name>
         <value>0xf02e</value>
         <object_component_ref idref="oc-6f4"/>
      </symbol>
      <symbol id="sm-8eb">
         <name>__mspabi_sral_2</name>
         <value>0xf03a</value>
         <object_component_ref idref="oc-6f4"/>
      </symbol>
      <symbol id="sm-8ec">
         <name>__mspabi_sral_3</name>
         <value>0xf036</value>
         <object_component_ref idref="oc-6f4"/>
      </symbol>
      <symbol id="sm-8ed">
         <name>__mspabi_sral_1</name>
         <value>0xf03e</value>
         <object_component_ref idref="oc-6f4"/>
      </symbol>
      <symbol id="sm-8f5">
         <name>_stack</name>
         <value>0x2760</value>
         <object_component_ref idref="oc-2bb"/>
      </symbol>
      <symbol id="sm-8f6">
         <name>_reset_vector</name>
         <value>0xfffe</value>
         <object_component_ref idref="oc-2be"/>
      </symbol>
      <symbol id="sm-900">
         <name>_c_int00_noargs_noexit</name>
         <value>0xf4c8</value>
         <object_component_ref idref="oc-9c"/>
      </symbol>
      <symbol id="sm-916">
         <name>__TI_decompress_none</name>
         <value>0xf666</value>
         <object_component_ref idref="oc-64"/>
      </symbol>
      <symbol id="sm-938">
         <name>__TI_decompress_rle24</name>
         <value>0xf7b6</value>
         <object_component_ref idref="oc-6a"/>
      </symbol>
      <symbol id="sm-945">
         <name>__mspabi_remi</name>
         <value>0xf278</value>
         <object_component_ref idref="oc-7dd"/>
      </symbol>
      <symbol id="sm-946">
         <name>__mspabi_divi</name>
         <value>0xf278</value>
         <object_component_ref idref="oc-7dd"/>
      </symbol>
      <symbol id="sm-950">
         <name>__mspabi_remu</name>
         <value>0xf5cc</value>
         <object_component_ref idref="oc-818"/>
      </symbol>
      <symbol id="sm-951">
         <name>__mspabi_divu</name>
         <value>0xf5cc</value>
         <object_component_ref idref="oc-818"/>
      </symbol>
      <symbol id="sm-95d">
         <name>__mspabi_remli</name>
         <value>0xefc6</value>
         <object_component_ref idref="oc-591"/>
      </symbol>
      <symbol id="sm-95e">
         <name>__mspabi_divli</name>
         <value>0xefc6</value>
         <object_component_ref idref="oc-591"/>
      </symbol>
      <symbol id="sm-96c">
         <name>__mspabi_remul</name>
         <value>0xec16</value>
         <object_component_ref idref="oc-58c"/>
      </symbol>
      <symbol id="sm-96d">
         <name>__mspabi_divul</name>
         <value>0xec16</value>
         <object_component_ref idref="oc-58c"/>
      </symbol>
      <symbol id="sm-977">
         <name>C$$EXIT</name>
         <value>0xf7b0</value>
         <object_component_ref idref="oc-325"/>
      </symbol>
      <symbol id="sm-978">
         <name>abort</name>
         <value>0xf7b0</value>
         <object_component_ref idref="oc-325"/>
      </symbol>
      <symbol id="sm-97c">
         <name>__TI_int45</name>
         <value>0xffe2</value>
         <object_component_ref idref="oc-70"/>
      </symbol>
      <symbol id="sm-97f">
         <name>__TI_int48</name>
         <value>0xffe8</value>
         <object_component_ref idref="oc-73"/>
      </symbol>
      <symbol id="sm-982">
         <name>__TI_int49</name>
         <value>0xffea</value>
         <object_component_ref idref="oc-74"/>
      </symbol>
      <symbol id="sm-985">
         <name>__TI_int51</name>
         <value>0xffee</value>
         <object_component_ref idref="oc-76"/>
      </symbol>
      <symbol id="sm-988">
         <name>__TI_int52</name>
         <value>0xfff0</value>
         <object_component_ref idref="oc-77"/>
      </symbol>
      <symbol id="sm-98b">
         <name>__TI_int53</name>
         <value>0xfff2</value>
         <object_component_ref idref="oc-78"/>
      </symbol>
      <symbol id="sm-98e">
         <name>__TI_int54</name>
         <value>0xfff4</value>
         <object_component_ref idref="oc-79"/>
      </symbol>
      <symbol id="sm-991">
         <name>__TI_int55</name>
         <value>0xfff6</value>
         <object_component_ref idref="oc-7a"/>
      </symbol>
      <symbol id="sm-994">
         <name>__TI_int57</name>
         <value>0xfffa</value>
         <object_component_ref idref="oc-7c"/>
      </symbol>
      <symbol id="sm-997">
         <name>__TI_int58</name>
         <value>0xfffc</value>
         <object_component_ref idref="oc-7d"/>
      </symbol>
      <symbol id="sm-99f">
         <name>__TI_ISR_TRAP</name>
         <value>0xf78a</value>
         <object_component_ref idref="oc-2d9"/>
      </symbol>
      <symbol id="sm-9a8">
         <name>__mspabi_slli</name>
         <value>0xf74e</value>
         <object_component_ref idref="oc-681"/>
      </symbol>
      <symbol id="sm-9b0">
         <name>__mspabi_slll_9</name>
         <value>0xf05c</value>
         <object_component_ref idref="oc-6ef"/>
      </symbol>
      <symbol id="sm-9b1">
         <name>__mspabi_slll_8</name>
         <value>0xf060</value>
         <object_component_ref idref="oc-6ef"/>
      </symbol>
      <symbol id="sm-9b2">
         <name>__mspabi_slll_7</name>
         <value>0xf064</value>
         <object_component_ref idref="oc-6ef"/>
      </symbol>
      <symbol id="sm-9b3">
         <name>__mspabi_slll_6</name>
         <value>0xf068</value>
         <object_component_ref idref="oc-6ef"/>
      </symbol>
      <symbol id="sm-9b4">
         <name>__mspabi_slll_5</name>
         <value>0xf06c</value>
         <object_component_ref idref="oc-6ef"/>
      </symbol>
      <symbol id="sm-9b5">
         <name>__mspabi_slll_4</name>
         <value>0xf070</value>
         <object_component_ref idref="oc-6ef"/>
      </symbol>
      <symbol id="sm-9b6">
         <name>__mspabi_slll_3</name>
         <value>0xf074</value>
         <object_component_ref idref="oc-6ef"/>
      </symbol>
      <symbol id="sm-9b7">
         <name>__mspabi_slll_2</name>
         <value>0xf078</value>
         <object_component_ref idref="oc-6ef"/>
      </symbol>
      <symbol id="sm-9b8">
         <name>__mspabi_slll_1</name>
         <value>0xf07c</value>
         <object_component_ref idref="oc-6ef"/>
      </symbol>
      <symbol id="sm-9b9">
         <name>__mspabi_slll_15</name>
         <value>0xf044</value>
         <object_component_ref idref="oc-6ef"/>
      </symbol>
      <symbol id="sm-9ba">
         <name>__mspabi_slll_14</name>
         <value>0xf048</value>
         <object_component_ref idref="oc-6ef"/>
      </symbol>
      <symbol id="sm-9bb">
         <name>__mspabi_slll_13</name>
         <value>0xf04c</value>
         <object_component_ref idref="oc-6ef"/>
      </symbol>
      <symbol id="sm-9bc">
         <name>__mspabi_slll_12</name>
         <value>0xf050</value>
         <object_component_ref idref="oc-6ef"/>
      </symbol>
      <symbol id="sm-9bd">
         <name>__mspabi_slll_11</name>
         <value>0xf054</value>
         <object_component_ref idref="oc-6ef"/>
      </symbol>
      <symbol id="sm-9be">
         <name>__mspabi_slll_10</name>
         <value>0xf058</value>
         <object_component_ref idref="oc-6ef"/>
      </symbol>
      <symbol id="sm-9c7">
         <name>__mspabi_srli</name>
         <value>0xf758</value>
         <object_component_ref idref="oc-676"/>
      </symbol>
      <symbol id="sm-9cf">
         <name>__mspabi_srll_8</name>
         <value>0xf09e</value>
         <object_component_ref idref="oc-582"/>
      </symbol>
      <symbol id="sm-9d0">
         <name>__mspabi_srll_9</name>
         <value>0xf09a</value>
         <object_component_ref idref="oc-582"/>
      </symbol>
      <symbol id="sm-9d1">
         <name>__mspabi_srll_6</name>
         <value>0xf0a6</value>
         <object_component_ref idref="oc-582"/>
      </symbol>
      <symbol id="sm-9d2">
         <name>__mspabi_srll_7</name>
         <value>0xf0a2</value>
         <object_component_ref idref="oc-582"/>
      </symbol>
      <symbol id="sm-9d3">
         <name>__mspabi_srll_4</name>
         <value>0xf0ae</value>
         <object_component_ref idref="oc-582"/>
      </symbol>
      <symbol id="sm-9d4">
         <name>__mspabi_srll_5</name>
         <value>0xf0aa</value>
         <object_component_ref idref="oc-582"/>
      </symbol>
      <symbol id="sm-9d5">
         <name>__mspabi_srll_2</name>
         <value>0xf0b6</value>
         <object_component_ref idref="oc-582"/>
      </symbol>
      <symbol id="sm-9d6">
         <name>__mspabi_srll_3</name>
         <value>0xf0b2</value>
         <object_component_ref idref="oc-582"/>
      </symbol>
      <symbol id="sm-9d7">
         <name>__mspabi_srll_1</name>
         <value>0xf0ba</value>
         <object_component_ref idref="oc-582"/>
      </symbol>
      <symbol id="sm-9d8">
         <name>__mspabi_srll_15</name>
         <value>0xf082</value>
         <object_component_ref idref="oc-582"/>
      </symbol>
      <symbol id="sm-9d9">
         <name>__mspabi_srll_14</name>
         <value>0xf086</value>
         <object_component_ref idref="oc-582"/>
      </symbol>
      <symbol id="sm-9da">
         <name>__mspabi_srll_13</name>
         <value>0xf08a</value>
         <object_component_ref idref="oc-582"/>
      </symbol>
      <symbol id="sm-9db">
         <name>__mspabi_srll_12</name>
         <value>0xf08e</value>
         <object_component_ref idref="oc-582"/>
      </symbol>
      <symbol id="sm-9dc">
         <name>__mspabi_srll_11</name>
         <value>0xf092</value>
         <object_component_ref idref="oc-582"/>
      </symbol>
      <symbol id="sm-9dd">
         <name>__mspabi_srll_10</name>
         <value>0xf096</value>
         <object_component_ref idref="oc-582"/>
      </symbol>
      <symbol id="sm-9eb">
         <name>memcpy</name>
         <value>0xf678</value>
         <object_component_ref idref="oc-2bf"/>
      </symbol>
      <symbol id="sm-9f6">
         <name>__mspabi_mpyi_sw</name>
         <value>0xf60a</value>
         <object_component_ref idref="oc-433"/>
      </symbol>
      <symbol id="sm-9f7">
         <name>__mspabi_mpyi</name>
         <value>0xf60a</value>
         <object_component_ref idref="oc-433"/>
      </symbol>
      <symbol id="sm-a01">
         <name>__mspabi_mpyl_sw</name>
         <value>0xf370</value>
         <object_component_ref idref="oc-587"/>
      </symbol>
      <symbol id="sm-a02">
         <name>__mspabi_mpyl</name>
         <value>0xf370</value>
         <object_component_ref idref="oc-587"/>
      </symbol>
      <symbol id="sm-a0b">
         <name>_system_pre_init</name>
         <value>0xf7dc</value>
         <object_component_ref idref="oc-2fd"/>
      </symbol>
      <symbol id="sm-a2c">
         <name>sprintf</name>
         <value>0xf0c0</value>
         <object_component_ref idref="oc-508"/>
      </symbol>
      <symbol id="sm-a39">
         <name>strlen</name>
         <value>0xf72a</value>
         <object_component_ref idref="oc-798"/>
      </symbol>
      <symbol id="sm-a81">
         <name>__TI_printfi_minimal</name>
         <value>0xda9a</value>
         <object_component_ref idref="oc-6aa"/>
      </symbol>
      <symbol id="sm-aa3">
         <name>_auto_init_hold_wdt</name>
         <value>0xe566</value>
         <object_component_ref idref="oc-303"/>
      </symbol>
      <symbol id="sm-ab9">
         <name>copy_in</name>
         <value>0xebbe</value>
         <object_component_ref idref="oc-388"/>
      </symbol>
      <symbol id="sm-ac9">
         <name>memccpy</name>
         <value>0xf4fc</value>
         <object_component_ref idref="oc-80b"/>
      </symbol>
      <symbol id="sm-ad7">
         <name>memset</name>
         <value>0xf5f6</value>
         <object_component_ref idref="oc-7fe"/>
      </symbol>
      <symbol id="sm-ae0">
         <name>_system_post_cinit</name>
         <value>0xf7e0</value>
         <object_component_ref idref="oc-38e"/>
      </symbol>
      <symbol id="sm-ae4">
         <name>__TI_BINIT_Base</name>
         <value>0x0</value>
      </symbol>
      <symbol id="sm-ae5">
         <name>__TI_BINIT_Limit</name>
         <value>0x0</value>
      </symbol>
      <symbol id="sm-ae6">
         <name>__TI_INITARRAY_Base</name>
         <value>0x0</value>
      </symbol>
      <symbol id="sm-ae7">
         <name>__TI_INITARRAY_Limit</name>
         <value>0x0</value>
      </symbol>
   </symbol_table>
   <title>Link successful</title>
</link_info>
